Component: ARM Compiler 5.06 update 6 (build 750) Tool: armlink [4d35ed]

==============================================================================

Section Cross References

    alarms.o(i.alarmHandler) refers to alarms.o(i.alarmPatternComposer) for alarmPatternComposer
    alarms.o(i.alarmHandler) refers to multiwii.o(.data) for f
    alarms.o(i.alarmHandler) refers to multiwii.o(.bss) for alarmArray
    alarms.o(i.alarmHandler) refers to alarms.o(.data) for i2c_errors_count_old
    alarms.o(i.blinkLED) refers to delay.o(i.delay) for delay
    alarms.o(i.patternDecode) refers to alarms.o(i.setTiming) for setTiming
    alarms.o(i.patternDecode) refers to timer.o(i.millis) for millis
    alarms.o(i.patternDecode) refers to alarms.o(i.turnOff) for turnOff
    alarms.o(i.patternDecode) refers to alarms.o(.data) for SequenceActive
    alarms.o(i.patternDecode) refers to alarms.o(.bss) for pattern
    alarms.o(i.patternDecode) refers to multiwii.o(.bss) for alarmArray
    alarms.o(i.setTiming) refers to timer.o(i.millis) for millis
    alarms.o(i.setTiming) refers to alarms.o(i.toggleResource) for toggleResource
    alarms.o(i.setTiming) refers to alarms.o(.data) for resourceIsOn
    alarms.o(i.setTiming) refers to alarms.o(.bss) for LastToggleTime
    alarms.o(i.toggleResource) refers to stm32f10x_gpio.o(i.GPIO_ResetBits) for GPIO_ResetBits
    alarms.o(i.toggleResource) refers to stm32f10x_gpio.o(i.GPIO_SetBits) for GPIO_SetBits
    alarms.o(i.turnOff) refers to stm32f10x_gpio.o(i.GPIO_SetBits) for GPIO_SetBits
    alarms.o(i.turnOff) refers to alarms.o(.data) for resourceIsOn
    eeprom.o(i.LoadDefaults) refers to eeprom.o(i.update_constants) for update_constants
    eeprom.o(i.LoadDefaults) refers to multiwii.o(.bss) for conf
    eeprom.o(i.LoadDefaults) refers to eeprom.o(.data) for sr
    eeprom.o(i.loadGPSdefaults) refers to eeprom.o(i.getMaxWPNumber) for getMaxWPNumber
    eeprom.o(i.loadGPSdefaults) refers to eeprom.o(i.writeGPSconf) for writeGPSconf
    eeprom.o(i.loadGPSdefaults) refers to multiwii.o(.bss) for GPS_conf
    eeprom.o(i.readEEPROM) refers to re_eeprom.o(i.eeprom_read_block) for eeprom_read_block
    eeprom.o(i.readEEPROM) refers to eeprom.o(i.calculate_sum) for calculate_sum
    eeprom.o(i.readEEPROM) refers to alarms.o(i.blinkLED) for blinkLED
    eeprom.o(i.readEEPROM) refers to eeprom.o(i.LoadDefaults) for LoadDefaults
    eeprom.o(i.readEEPROM) refers to gps.o(i.GPS_set_pids) for GPS_set_pids
    eeprom.o(i.readEEPROM) refers to eeprom.o(i.recallGPSconf) for recallGPSconf
    eeprom.o(i.readEEPROM) refers to multiwii.o(.bss) for global_conf
    eeprom.o(i.readGlobalSet) refers to re_eeprom.o(i.eeprom_read_block) for eeprom_read_block
    eeprom.o(i.readGlobalSet) refers to eeprom.o(i.calculate_sum) for calculate_sum
    eeprom.o(i.readGlobalSet) refers to multiwii.o(.bss) for global_conf
    eeprom.o(i.recallGPSconf) refers to re_eeprom.o(i.eeprom_read_block) for eeprom_read_block
    eeprom.o(i.recallGPSconf) refers to eeprom.o(i.calculate_sum) for calculate_sum
    eeprom.o(i.recallGPSconf) refers to eeprom.o(i.loadGPSdefaults) for loadGPSdefaults
    eeprom.o(i.recallGPSconf) refers to multiwii.o(.bss) for GPS_conf
    eeprom.o(i.recallWP) refers to re_eeprom.o(i.eeprom_read_block) for eeprom_read_block
    eeprom.o(i.recallWP) refers to eeprom.o(i.calculate_sum) for calculate_sum
    eeprom.o(i.recallWP) refers to multiwii.o(.bss) for mission_step
    eeprom.o(i.storeWP) refers to eeprom.o(i.calculate_sum) for calculate_sum
    eeprom.o(i.storeWP) refers to re_eeprom.o(i.eeprom_write_block) for eeprom_write_block
    eeprom.o(i.storeWP) refers to multiwii.o(.bss) for mission_step
    eeprom.o(i.update_constants) refers to eeprom.o(i.loadGPSdefaults) for loadGPSdefaults
    eeprom.o(i.update_constants) refers to eeprom.o(i.writeParams) for writeParams
    eeprom.o(i.update_constants) refers to multiwii.o(.bss) for conf
    eeprom.o(i.writeGPSconf) refers to eeprom.o(i.calculate_sum) for calculate_sum
    eeprom.o(i.writeGPSconf) refers to re_eeprom.o(i.eeprom_write_block) for eeprom_write_block
    eeprom.o(i.writeGPSconf) refers to multiwii.o(.bss) for GPS_conf
    eeprom.o(i.writeGlobalSet) refers to eeprom.o(i.calculate_sum) for calculate_sum
    eeprom.o(i.writeGlobalSet) refers to re_eeprom.o(i.eeprom_write_block) for eeprom_write_block
    eeprom.o(i.writeGlobalSet) refers to alarms.o(i.blinkLED) for blinkLED
    eeprom.o(i.writeGlobalSet) refers to multiwii.o(.bss) for global_conf
    eeprom.o(i.writeParams) refers to eeprom.o(i.calculate_sum) for calculate_sum
    eeprom.o(i.writeParams) refers to re_eeprom.o(i.eeprom_write_block) for eeprom_write_block
    eeprom.o(i.writeParams) refers to eeprom.o(i.writeGPSconf) for writeGPSconf
    eeprom.o(i.writeParams) refers to eeprom.o(i.recallGPSconf) for recallGPSconf
    eeprom.o(i.writeParams) refers to eeprom.o(i.readEEPROM) for readEEPROM
    eeprom.o(i.writeParams) refers to alarms.o(i.blinkLED) for blinkLED
[...]
    DMA1_Channel6_IRQHandler                 0x080017ff   Thumb Code     2  stm32f10x_it.o(i.DMA1_Channel6_IRQHandler)
    DMA1_Channel7_IRQHandler                 0x08001801   Thumb Code     2  stm32f10x_it.o(i.DMA1_Channel7_IRQHandler)
    DMA2_Channel1_IRQHandler                 0x08001803   Thumb Code     2  stm32f10x_it.o(i.DMA2_Channel1_IRQHandler)
    DMA2_Channel2_IRQHandler                 0x08001805   Thumb Code     2  stm32f10x_it.o(i.DMA2_Channel2_IRQHandler)
    DMA2_Channel3_IRQHandler                 0x08001807   Thumb Code     2  stm32f10x_it.o(i.DMA2_Channel3_IRQHandler)
    DMA2_Channel4_5_IRQHandler               0x08001809   Thumb Code     2  stm32f10x_it.o(i.DMA2_Channel4_5_IRQHandler)
    DebugMon_Handler                         0x08001c21   Thumb Code     2  stm32f10x_it.o(i.DebugMon_Handler)
    Delay_1us                                0x08001c23   Thumb Code    18  gy_86.o(i.Delay_1us)
    EEPROM_Delay_1us                         0x08001c8d   Thumb Code    30  re_eeprom.o(i.EEPROM_Delay_1us)
    EEPROM_I2C_GPIO_Config                   0x08001cad   Thumb Code    46  re_eeprom.o(i.EEPROM_I2C_GPIO_Config)
    EEPROM_I2C_RecvByte                      0x08001ce5   Thumb Code    92  re_eeprom.o(i.EEPROM_I2C_RecvByte)
    EEPROM_I2C_SendACK                       0x08001d45   Thumb Code    80  re_eeprom.o(i.EEPROM_I2C_SendACK)
    EEPROM_I2C_SendByte                      0x08001d99   Thumb Code   108  re_eeprom.o(i.EEPROM_I2C_SendByte)
    EEPROM_I2C_Start                         0x08001e09   Thumb Code   136  re_eeprom.o(i.EEPROM_I2C_Start)
    EEPROM_I2C_Stop                          0x08001e95   Thumb Code    76  re_eeprom.o(i.EEPROM_I2C_Stop)
    EEPROM_I2C_WaitAck                       0x08001ee5   Thumb Code   132  re_eeprom.o(i.EEPROM_I2C_WaitAck)
    EP1_IN_Callback                          0x08001f6d   Thumb Code     2  usb_ch341.o(i.EP1_IN_Callback)
    EP2_IN_Callback                          0x08001f6f   Thumb Code     2  usb_ch341.o(i.EP2_IN_Callback)
    EP2_OUT_Callback                         0x08001f71   Thumb Code    38  usb_ch341.o(i.EP2_OUT_Callback)
    EXTI0_IRQHandler                         0x08001f9d   Thumb Code     2  stm32f10x_it.o(i.EXTI0_IRQHandler)
    EXTI15_10_IRQHandler                     0x08001f9f   Thumb Code     2  stm32f10x_it.o(i.EXTI15_10_IRQHandler)
    EXTI2_IRQHandler                         0x08001fa1   Thumb Code     2  stm32f10x_it.o(i.EXTI2_IRQHandler)
    EXTI3_IRQHandler                         0x08001fa3   Thumb Code     2  stm32f10x_it.o(i.EXTI3_IRQHandler)
    EXTI9_5_IRQHandler                       0x08001fa5   Thumb Code     2  stm32f10x_it.o(i.EXTI9_5_IRQHandler)
    FLASH_IRQHandler                         0x08001fa7   Thumb Code     2  stm32f10x_it.o(i.FLASH_IRQHandler)
    FSMC_IRQHandler                          0x08001fa9   Thumb Code     2  stm32f10x_it.o(i.FSMC_IRQHandler)
    FW_NAV                                   0x08001fad   Thumb Code  2512  gps.o(i.FW_NAV)
    FW_NavSpeed                              0x08002995   Thumb Code   218  gps.o(i.FW_NavSpeed)
    GPIO_Configuration                       0x08002a91   Thumb Code    36  multiwii.o(i.GPIO_Configuration)
    GPIO_Init                                0x08002abd   Thumb Code   160  stm32f10x_gpio.o(i.GPIO_Init)
    GPIO_ResetBits                           0x08002b5d   Thumb Code     4  stm32f10x_gpio.o(i.GPIO_ResetBits)
    GPIO_SetBits                             0x08002b61   Thumb Code     4  stm32f10x_gpio.o(i.GPIO_SetBits)
    GPS_Compute                              0x08002b65   Thumb Code  2694  gps.o(i.GPS_Compute)
    GPS_adjust_heading                       0x08003621   Thumb Code   170  gps.o(i.GPS_adjust_heading)
    GPS_calc_longitude_scaling               0x08003825   Thumb Code    54  gps.o(i.GPS_calc_longitude_scaling)
    GPS_newFrame                             0x08003d81   Thumb Code   412  gps.o(i.GPS_newFrame)
    GPS_reset_home_position                  0x08003f55   Thumb Code    66  gps.o(i.GPS_reset_home_position)
    GPS_reset_nav                            0x08003fb1   Thumb Code   132  gps.o(i.GPS_reset_nav)
    GPS_set_next_wp                          0x08004065   Thumb Code   330  gps.o(i.GPS_set_next_wp)
    GPS_set_pids                             0x080041dd   Thumb Code   394  gps.o(i.GPS_set_pids)
    GYRO_Common                              0x08004479   Thumb Code   208  sensors.o(i.GYRO_Common)
    GetEPRxAddr                              0x0800455d   Thumb Code    24  usb_ch341.o(i.GetEPRxAddr)
    GetEPRxCount                             0x0800457d   Thumb Code    26  usb_ch341.o(i.GetEPRxCount)
    GetEPTxAddr                              0x080045a1   Thumb Code    22  usb_ch341.o(i.GetEPTxAddr)
    GetEPTxStatus                            0x080045c1   Thumb Code    18  usb_ch341.o(i.GetEPTxStatus)
    Get_SerialNum                            0x080045d9   Thumb Code    62  usb_ch341.o(i.Get_SerialNum)
    Gyro_getADC                              0x08004621   Thumb Code    80  sensors.o(i.Gyro_getADC)
    HardFault_Handler                        0x080046b5   Thumb Code    34  stm32f10x_it.o(i.HardFault_Handler)
    I2C2_ER_IRQHandler                       0x080046e1   Thumb Code     2  stm32f10x_it.o(i.I2C2_ER_IRQHandler)
    I2C2_EV_IRQHandler                       0x080046e3   Thumb Code     2  stm32f10x_it.o(i.I2C2_EV_IRQHandler)
    I2C_GPIO_Config                          0x080046e5   Thumb Code    40  gy_86.o(i.I2C_GPIO_Config)
    I2C_RecvByte                             0x08004711   Thumb Code    92  gy_86.o(i.I2C_RecvByte)
    I2C_SendACK                              0x08004771   Thumb Code    80  gy_86.o(i.I2C_SendACK)
    I2C_SendByte                             0x080047c5   Thumb Code   114  gy_86.o(i.I2C_SendByte)
    I2C_Start                                0x0800483d   Thumb Code   136  gy_86.o(i.I2C_Start)
    I2C_Stop                                 0x080048c9   Thumb Code    76  gy_86.o(i.I2C_Stop)
    I2C_WaitAck                              0x08004919   Thumb Code   132  gy_86.o(i.I2C_WaitAck)
    In0_Process                              0x080049a1   Thumb Code    98  usb_ch341.o(i.In0_Process)
    InvSqrt                                  0x08004a11   Thumb Code    62  imu.o(i.InvSqrt)
    JTAG_Set                                 0x08004a5d   Thumb Code    38  sys.o(i.JTAG_Set)
    LED_init                                 0x08004a8d   Thumb Code    78  multiwii.o(i.LED_init)
    LoadDefaults                             0x08004ae1   Thumb Code   332  eeprom.o(i.LoadDefaults)
    MYRCC_DeInit                             0x08004c35   Thumb Code    90  sys.o(i.MYRCC_DeInit)
    MY_NVIC_SetVectorTable                   0x08004c9d   Thumb Code    12  sys.o(i.MY_NVIC_SetVectorTable)
    Mag_getADC                               0x08004cb1   Thumb Code   338  sensors.o(i.Mag_getADC)
    MemManage_Handler                        0x08004e59   Thumb Code    22  stm32f10x_it.o(i.MemManage_Handler)
    NMI_Handler                              0x08004e75   Thumb Code    20  stm32f10x_it.o(i.NMI_Handler)
    NOP_Process                              0x08004e8d   Thumb Code     2  usb_ch341.o(i.NOP_Process)
    NVIC_Init                                0x08004e91   Thumb Code   100  misc.o(i.NVIC_Init)
    NVIC_PriorityGroupConfig                 0x08004f01   Thumb Code    10  misc.o(i.NVIC_PriorityGroupConfig)
    NVIC_SetVectorTable                      0x08004f15   Thumb Code    12  misc.o(i.NVIC_SetVectorTable)
    Out0_Process                             0x0800506d   Thumb Code    70  usb_ch341.o(i.Out0_Process)
    PMAToUserBufferCopy                      0x080050bd   Thumb Code    34  usb_ch341.o(i.PMAToUserBufferCopy)
    PVD_IRQHandler                           0x080050e5   Thumb Code     2  stm32f10x_it.o(i.PVD_IRQHandler)
    PendSV_Handler                           0x080050e7   Thumb Code     2  stm32f10x_it.o(i.PendSV_Handler)
    Post0_Process                            0x080050e9   Thumb Code    54  usb_ch341.o(i.Post0_Process)
    PowerOn                                  0x08005131   Thumb Code    54  usb_ch341.o(i.PowerOn)
    RCC_APB1PeriphClockCmd                   0x08005171   Thumb Code    18  stm32f10x_rcc.o(i.RCC_APB1PeriphClockCmd)
    RCC_APB1PeriphResetCmd                   0x08005189   Thumb Code    18  stm32f10x_rcc.o(i.RCC_APB1PeriphResetCmd)
    RCC_APB2PeriphClockCmd                   0x080051a1   Thumb Code    18  stm32f10x_rcc.o(i.RCC_APB2PeriphClockCmd)
    RCC_APB2PeriphResetCmd                   0x080051b9   Thumb Code    18  stm32f10x_rcc.o(i.RCC_APB2PeriphResetCmd)
    RCC_GetClocksFreq                        0x080051d1   Thumb Code   132  stm32f10x_rcc.o(i.RCC_GetClocksFreq)
    RCC_IRQHandler                           0x08005265   Thumb Code     2  stm32f10x_it.o(i.RCC_IRQHandler)
    RCC_USBCLKConfig                         0x08005269   Thumb Code     6  stm32f10x_rcc.o(i.RCC_USBCLKConfig)
    RTCAlarm_IRQHandler                      0x08005275   Thumb Code     2  stm32f10x_it.o(i.RTCAlarm_IRQHandler)
    RTC_IRQHandler                           0x08005277   Thumb Code     2  stm32f10x_it.o(i.RTC_IRQHandler)
    SDIO_IRQHandler                          0x08005279   Thumb Code     2  stm32f10x_it.o(i.SDIO_IRQHandler)
    SPI1_IRQHandler                          0x0800527b   Thumb Code     2  stm32f10x_it.o(i.SPI1_IRQHandler)
    SPI2_IRQHandler                          0x0800527d   Thumb Code     2  stm32f10x_it.o(i.SPI2_IRQHandler)
    SPI3_IRQHandler                          0x0800527f   Thumb Code     2  stm32f10x_it.o(i.SPI3_IRQHandler)
    SVC_Handler                              0x08005281   Thumb Code     2  stm32f10x_it.o(i.SVC_Handler)
    SerialAvailable                          0x08005285   Thumb Code    58  serial.o(i.SerialAvailable)
    SerialRead                               0x080052c9   Thumb Code    64  serial.o(i.SerialRead)
    SerialSerialize                          0x08005315   Thumb Code    36  serial.o(i.SerialSerialize)
    SerialUsedTXBuff                         0x08005341   Thumb Code    58  serial.o(i.SerialUsedTXBuff)
    SetBTABLE                                0x08005385   Thumb Code    12  usb_ch341.o(i.SetBTABLE)
    SetDeviceAddress                         0x08005395   Thumb Code    62  usb_ch341.o(i.SetDeviceAddress)
    SetEPRxAddr                              0x080053e1   Thumb Code    26  usb_ch341.o(i.SetEPRxAddr)
    SetEPRxCount                             0x08005405   Thumb Code    68  usb_ch341.o(i.SetEPRxCount)
    SetEPRxStatus                            0x08005451   Thumb Code    52  usb_ch341.o(i.SetEPRxStatus)
    SetEPRxValid                             0x08005489   Thumb Code    38  usb_ch341.o(i.SetEPRxValid)
    SetEPTxAddr                              0x080054b5   Thumb Code    24  usb_ch341.o(i.SetEPTxAddr)
    SetEPTxCount                             0x080054d5   Thumb Code    20  usb_ch341.o(i.SetEPTxCount)
    SetEPTxStatus                            0x080054f1   Thumb Code    52  usb_ch341.o(i.SetEPTxStatus)
    SetEPTxValid                             0x08005529   Thumb Code    38  usb_ch341.o(i.SetEPTxValid)
    SetEPType                                0x08005555   Thumb Code    32  usb_ch341.o(i.SetEPType)
    Set_USBClock                             0x08005661   Thumb Code    18  usb_ch341.o(i.Set_USBClock)
    Setup0_Process                           0x08005675   Thumb Code   162  usb_ch341.o(i.Setup0_Process)
    Single_WriteI2C                          0x08005725   Thumb Code   116  gy_86.o(i.Single_WriteI2C)
    Standard_ClearFeature                    0x0800579d   Thumb Code   326  usb_ch341.o(i.Standard_ClearFeature)
    Standard_GetConfiguration                0x080058f9   Thumb Code    34  usb_ch341.o(i.Standard_GetConfiguration)
    Standard_GetDescriptorData               0x08005925   Thumb Code    32  usb_ch341.o(i.Standard_GetDescriptorData)
    Standard_GetInterface                    0x08005949   Thumb Code    34  usb_ch341.o(i.Standard_GetInterface)
    Standard_GetStatus                       0x08005975   Thumb Code   224  usb_ch341.o(i.Standard_GetStatus)
    Standard_SetConfiguration                0x08005a65   Thumb Code    60  usb_ch341.o(i.Standard_SetConfiguration)
    Standard_SetDeviceFeature                0x08005aad   Thumb Code    30  usb_ch341.o(i.Standard_SetDeviceFeature)
    Standard_SetEndPointFeature              0x08005ad5   Thumb Code   176  usb_ch341.o(i.Standard_SetEndPointFeature)
    Standard_SetInterface                    0x08005b95   Thumb Code    96  usb_ch341.o(i.Standard_SetInterface)
    Stm32_Clock_Init                         0x08005c01   Thumb Code   134  sys.o(i.Stm32_Clock_Init)
    SysTick_Handler                          0x08005c91   Thumb Code    58  timer.o(i.SysTick_Handler)
    SystemInit                               0x08005cd9   Thumb Code    78  system_stm32f10x.o(i.SystemInit)
    TAMPER_IRQHandler                        0x08005d39   Thumb Code     2  stm32f10x_it.o(i.TAMPER_IRQHandler)
    TIM1_BRK_IRQHandler                      0x08005d3b   Thumb Code     2  stm32f10x_it.o(i.TIM1_BRK_IRQHandler)
    TIM1_TRG_COM_IRQHandler                  0x08005d3d   Thumb Code     2  stm32f10x_it.o(i.TIM1_TRG_COM_IRQHandler)
    TIM1_UP_IRQHandler                       0x08005d3f   Thumb Code     2  stm32f10x_it.o(i.TIM1_UP_IRQHandler)
    TIM3_IRQHandler                          0x08005d41   Thumb Code     2  stm32f10x_it.o(i.TIM3_IRQHandler)
    TIM3_PWM_Init                            0x08005d45   Thumb Code   264  timer.o(i.TIM3_PWM_Init)
    TIM4_IRQHandler                          0x08005e5d   Thumb Code     2  stm32f10x_it.o(i.TIM4_IRQHandler)
    TIM4_PWM_Init                            0x08005e61   Thumb Code   254  timer.o(i.TIM4_PWM_Init)
    TIM6_IRQHandler                          0x08005f6d   Thumb Code     2  stm32f10x_it.o(i.TIM6_IRQHandler)
    TIM7_IRQHandler                          0x08005f6f   Thumb Code     2  stm32f10x_it.o(i.TIM7_IRQHandler)
    TIM8_BRK_IRQHandler                      0x08005f71   Thumb Code     2  stm32f10x_it.o(i.TIM8_BRK_IRQHandler)
    TIM8_CC_IRQHandler                       0x08005f73   Thumb Code     2  stm32f10x_it.o(i.TIM8_CC_IRQHandler)
    TIM8_TRG_COM_IRQHandler                  0x08005f75   Thumb Code     2  stm32f10x_it.o(i.TIM8_TRG_COM_IRQHandler)
    TIM8_UP_IRQHandler                       0x08005f77   Thumb Code     2  stm32f10x_it.o(i.TIM8_UP_IRQHandler)
    TIM_SetCompare1                          0x08005f79   Thumb Code     4  stm32f10x_tim.o(i.TIM_SetCompare1)
    TIM_SetCompare2                          0x08005f7d   Thumb Code     4  stm32f10x_tim.o(i.TIM_SetCompare2)
    USART1_IRQHandler                        0x08005f81   Thumb Code    30  usart.o(i.USART1_IRQHandler)
    USART2_Configuration                     0x08005fa5   Thumb Code   154  usart.o(i.USART2_Configuration)
    USART2_IRQHandler                        0x08006049   Thumb Code    30  usart.o(i.USART2_IRQHandler)
    USART3_Configuration                     0x0800606d   Thumb Code   164  usart.o(i.USART3_Configuration)
    USART3_IRQHandler                        0x08006119   Thumb Code   124  usart.o(i.USART3_IRQHandler)
    USART_Cmd                                0x080061b5   Thumb Code    20  stm32f10x_usart.o(i.USART_Cmd)
    USART_DeInit                             0x080061c9   Thumb Code    98  stm32f10x_usart.o(i.USART_DeInit)
    USART_ITConfig                           0x08006235   Thumb Code    48  stm32f10x_usart.o(i.USART_ITConfig)
    USART_Init                               0x08006265   Thumb Code   130  stm32f10x_usart.o(i.USART_Init)
    USBWakeUp_IRQHandler                     0x080062ed   Thumb Code     2  stm32f10x_it.o(i.USBWakeUp_IRQHandler)
    USB_CH341_Init                           0x080062ef   Thumb Code    16  usb_ch341.o(i.USB_CH341_Init)
    USB_Cable_Config                         0x08006301   Thumb Code    26  usb_ch341.o(i.USB_Cable_Config)
    USB_HP_CAN1_TX_IRQHandler                0x08006321   Thumb Code     2  stm32f10x_it.o(i.USB_HP_CAN1_TX_IRQHandler)
    USB_Init                                 0x08006325   Thumb Code    78  usb_ch341.o(i.USB_Init)
    USB_Interrupts_Config                    0x08006391   Thumb Code    68  usb_ch341.o(i.USB_Interrupts_Config)
    USB_LP_CAN1_RX0_IRQHandler               0x080063d5   Thumb Code    96  usb_ch341.o(i.USB_LP_CAN1_RX0_IRQHandler)
    USB_receive                              0x08006449   Thumb Code    36  usb_ch341.o(i.USB_receive)
    USB_send                                 0x0800646d   Thumb Code    68  usb_ch341.o(i.USB_send)
    UartSendData                             0x080064b1   Thumb Code   446  serial.o(i.UartSendData)
    UsageFault_Handler                       0x08006699   Thumb Code    22  stm32f10x_it.o(i.UsageFault_Handler)
    UserToPMABufferCopy                      0x080066b5   Thumb Code    52  usb_ch341.o(i.UserToPMABufferCopy)
    Vender_Handle_CH341                      0x080066ed   Thumb Code   120  usb_ch341.o(i.Vender_Handle_CH341)
    Virtual_Com_Port_Data_Setup              0x08006779   Thumb Code    90  usb_ch341.o(i.Virtual_Com_Port_Data_Setup)
    Virtual_Com_Port_GetConfigDescriptor     0x080067ed   Thumb Code    14  usb_ch341.o(i.Virtual_Com_Port_GetConfigDescriptor)
    Virtual_Com_Port_GetDeviceDescriptor     0x08006801   Thumb Code    14  usb_ch341.o(i.Virtual_Com_Port_GetDeviceDescriptor)
    Virtual_Com_Port_GetLineCoding           0x08006815   Thumb Code    20  usb_ch341.o(i.Virtual_Com_Port_GetLineCoding)
    Virtual_Com_Port_GetStringDescriptor     0x08006831   Thumb Code    32  usb_ch341.o(i.Virtual_Com_Port_GetStringDescriptor)
    Virtual_Com_Port_Get_Interface_Setting   0x08006859   Thumb Code    22  usb_ch341.o(i.Virtual_Com_Port_Get_Interface_Setting)
    Virtual_Com_Port_NoData_Setup            0x08006871   Thumb Code   240  usb_ch341.o(i.Virtual_Com_Port_NoData_Setup)
    Virtual_Com_Port_Reset                   0x08006979   Thumb Code   200  usb_ch341.o(i.Virtual_Com_Port_Reset)
    Virtual_Com_Port_SetConfiguration        0x08006a51   Thumb Code    14  usb_ch341.o(i.Virtual_Com_Port_SetConfiguration)
    Virtual_Com_Port_SetDeviceAddress        0x08006a69   Thumb Code     8  usb_ch341.o(i.Virtual_Com_Port_SetDeviceAddress)
    Virtual_Com_Port_SetLineCoding           0x08006a75   Thumb Code    20  usb_ch341.o(i.Virtual_Com_Port_SetLineCoding)
    Virtual_Com_Port_Status_In               0x08006a91   Thumb Code    16  usb_ch341.o(i.Virtual_Com_Port_Status_In)
    Virtual_Com_Port_Status_Out              0x08006aa5   Thumb Code     2  usb_ch341.o(i.Virtual_Com_Port_Status_Out)
    Virtual_Com_Port_init                    0x08006aa9   Thumb Code    50  usb_ch341.o(i.Virtual_Com_Port_init)
    WWDG_IRQHandler                          0x08006aed   Thumb Code     2  stm32f10x_it.o(i.WWDG_IRQHandler)
    __ARM_fpclassify                         0x08006aef   Thumb Code    40  fpclassify.o(i.__ARM_fpclassify)
    __ieee754_rem_pio2                       0x08006b19   Thumb Code   828  rred.o(i.__ieee754_rem_pio2)
    __kernel_cos                             0x08006ea1   Thumb Code   230  cos_i.o(i.__kernel_cos)
    __kernel_poly                            0x08006f9d   Thumb Code   170  poly.o(i.__kernel_poly)
    __kernel_sin                             0x08007049   Thumb Code   224  sin_i.o(i.__kernel_sin)
    __mathlib_dbl_infnan                     0x08007135   Thumb Code     6  dunder.o(i.__mathlib_dbl_infnan)
    __mathlib_dbl_infnan2                    0x0800713b   Thumb Code     4  dunder.o(i.__mathlib_dbl_infnan2)
    __mathlib_dbl_invalid                    0x0800713f   Thumb Code    12  dunder.o(i.__mathlib_dbl_invalid)
    __mathlib_dbl_underflow                  0x0800714d   Thumb Code    10  dunder.o(i.__mathlib_dbl_underflow)
    __scatterload_copy                       0x0800715d   Thumb Code    14  handlers.o(i.__scatterload_copy)
    __scatterload_null                       0x0800716b   Thumb Code     2  handlers.o(i.__scatterload_null)
    __scatterload_zeroinit                   0x0800716d   Thumb Code    14  handlers.o(i.__scatterload_zeroinit)
    __set_errno                              0x0800717d   Thumb Code     6  errno.o(i.__set_errno)
    _atan2                                   0x08007189   Thumb Code   214  imu.o(i._atan2)
    abort_mission                            0x08007271   Thumb Code    28  gps.o(i.abort_mission)
    annexCode                                0x08007299   Thumb Code   742  multiwii.o(i.annexCode)
    atan                                     0x080075d5   Thumb Code   474  atan.o(i.atan)
    atan2                                    0x080077f5   Thumb Code   346  atan2.o(i.atan2)
    blinkLED                                 0x08007975   Thumb Code    68  alarms.o(i.blinkLED)
    calculate_sum                            0x080079c1   Thumb Code    26  eeprom.o(i.calculate_sum)
    check_land                               0x080079dd   Thumb Code   124  gps.o(i.check_land)
    clearNav                                 0x08007aa1   Thumb Code    46  gps.o(i.clearNav)
    computeIMU                               0x08007ae9   Thumb Code   156  imu.o(i.computeIMU)
    computeRC                                0x08007b91   Thumb Code   238  rx.o(i.computeRC)
    configureReceiver                        0x08007c99   Thumb Code     2  rx.o(i.configureReceiver)
    constrain_int16                          0x08007c9b   Thumb Code    22  gps.o(i.constrain_int16)
    cos                                      0x08007cb1   Thumb Code   148  cos.o(i.cos)
    delay                                    0x08007d4d   Thumb Code    16  delay.o(i.delay)
    delay_ms                                 0x08007d61   Thumb Code    16  delay.o(i.delay_ms)
    eeprom_Continuous_reading                0x08007d75   Thumb Code   110  re_eeprom.o(i.eeprom_Continuous_reading)
    eeprom_read_block                        0x08007de5   Thumb Code    34  re_eeprom.o(i.eeprom_read_block)
    eeprom_write_block                       0x08007e0d   Thumb Code    34  re_eeprom.o(i.eeprom_write_block)
    evaluateCommand                          0x08007e35   Thumb Code  2902  protocol.o(i.evaluateCommand)
    evaluateOtherData                        0x080089cd   Thumb Code    18  protocol.o(i.evaluateOtherData)
    force_new_altitude                       0x080089e5   Thumb Code    16  gps.o(i.force_new_altitude)
    getEstimatedAttitude                     0x08008a01   Thumb Code   788  imu.o(i.getEstimatedAttitude)
    getMaxWPNumber                           0x08008d51   Thumb Code    28  eeprom.o(i.getMaxWPNumber)
    get_D                                    0x08008d6d   Thumb Code   104  gps.o(i.get_D)
    get_I                                    0x08008dd9   Thumb Code    96  gps.o(i.get_I)
    get_P                                    0x08008e39   Thumb Code    32  gps.o(i.get_P)
    get_middle                               0x08008e59   Thumb Code    74  output.o(i.get_middle)
    get_new_altitude                         0x08008ead   Thumb Code   268  gps.o(i.get_new_altitude)
    go_arm                                   0x08009085   Thumb Code    90  multiwii.o(i.go_arm)
    go_disarm                                0x080090f5   Thumb Code    24  multiwii.o(i.go_disarm)
    i2c_getSixRawADC                         0x08009179   Thumb Code    20  sensors.o(i.i2c_getSixRawADC)
    i2c_init                                 0x08009191   Thumb Code    14  sensors.o(i.i2c_init)
    i2c_readAck                              0x080091a5   Thumb Code    18  sensors.o(i.i2c_readAck)
    i2c_readNak                              0x080091b7   Thumb Code    22  sensors.o(i.i2c_readNak)
    i2c_read_reg_to_buf                      0x080091cd   Thumb Code   154  sensors.o(i.i2c_read_reg_to_buf)
    i2c_writeReg                             0x0800926d   Thumb Code    34  sensors.o(i.i2c_writeReg)
    initOutput                               0x08009295   Thumb Code    60  output.o(i.initOutput)
    initS                                    0x080092d5   Thumb Code    20  sensors.o(i.initS)
    initSensors                              0x080092e9   Thumb Code    30  sensors.o(i.initSensors)
    init_RTH                                 0x0800930d   Thumb Code   154  gps.o(i.init_RTH)
    initializeServo                          0x080093c9   Thumb Code     4  output.o(i.initializeServo)
    loadGPSdefaults                          0x080093cd   Thumb Code   190  eeprom.o(i.loadGPSdefaults)
    loop                                     0x08009491   Thumb Code  3346  multiwii.o(i.loop)
    main                                     0x0800a1a9   Thumb Code   234  multiwii.o(i.main)
    map                                      0x0800a2b1   Thumb Code    22  output.o(i.map)
    micros                                   0x0800a2c9   Thumb Code    30  timer.o(i.micros)
    millis                                   0x0800a2f1   Thumb Code     6  timer.o(i.millis)
    mixTable                                 0x0800a2fd   Thumb Code   596  output.o(i.mixTable)
    mul                                      0x0800a583   Thumb Code     8  imu.o(i.mul)
    pgm_read_byte_near                       0x0800a58b   Thumb Code     6  protocol.o(i.pgm_read_byte_near)
    readEEPROM                               0x0800a5f1   Thumb Code   268  eeprom.o(i.readEEPROM)
    readGlobalSet                            0x0800a70d   Thumb Code    42  eeprom.o(i.readGlobalSet)
    readRawRC                                0x0800a73d   Thumb Code    50  rx.o(i.readRawRC)
    recallGPSconf                            0x0800a779   Thumb Code    40  eeprom.o(i.recallGPSconf)
    recallWP                                 0x0800a7a5   Thumb Code    56  eeprom.o(i.recallWP)
    reset_PID                                0x0800a7e1   Thumb Code    10  gps.o(i.reset_PID)
    rotateV32                                0x0800a7eb   Thumb Code   116  imu.o(i.rotateV32)
    serialCom                                0x0800a8b1   Thumb Code   368  protocol.o(i.serialCom)
    set_new_altitude                         0x0800aaf1   Thumb Code    12  gps.o(i.set_new_altitude)
    setup                                    0x0800aafd   Thumb Code   130  multiwii.o(i.setup)
    sin                                      0x0800ab99   Thumb Code   150  sin.o(i.sin)
    sqrt                                     0x0800ac39   Thumb Code    76  sqrt.o(i.sqrt)
    storeWP                                  0x0800ac85   Thumb Code    52  eeprom.o(i.storeWP)
    store_uart_in_buf                        0x0800acbd   Thumb Code    48  serial.o(i.store_uart_in_buf)
    strlen_P                                 0x0800acf5   Thumb Code    18  protocol.o(i.strlen_P)
    uart_init                                0x0800ad29   Thumb Code   106  usart.o(i.uart_init)
    update_constants                         0x0800ada1   Thumb Code    44  eeprom.o(i.update_constants)
    wrap_18000                               0x0800add1   Thumb Code    26  gps.o(i.wrap_18000)
    wrap_36000                               0x0800adf1   Thumb Code    22  gps.o(i.wrap_36000)
    writeAllMotors                           0x0800ae09   Thumb Code    28  output.o(i.writeAllMotors)
    writeGPSconf                             0x0800ae29   Thumb Code    26  eeprom.o(i.writeGPSconf)
    writeGlobalSet                           0x0800ae49   Thumb Code    42  eeprom.o(i.writeGlobalSet)
    writeMotors                              0x0800ae79   Thumb Code    28  output.o(i.writeMotors)
    writeParams                              0x0800ae9d   Thumb Code    74  eeprom.o(i.writeParams)
    writeServos                              0x0800aef1   Thumb Code    50  output.o(i.writeServos)
    pidnames                                 0x0800af30   Data          48  multiwii.o(.constdata)
    boxnames                                 0x0800af60   Data          88  multiwii.o(.constdata)
    boxids                                   0x0800afb8   Data          14  multiwii.o(.constdata)
    Virtual_Com_Port_DeviceDescriptor        0x0800afc6   Data          18  usb_ch341.o(.constdata)
    Virtual_Com_Port_ConfigDescriptor        0x0800afd8   Data          39  usb_ch341.o(.constdata)
    Virtual_Com_Port_StringLangID            0x0800afff   Data           4  usb_ch341.o(.constdata)
    Virtual_Com_Port_StringVendor            0x0800b003   Data          38  usb_ch341.o(.constdata)
    Virtual_Com_Port_StringProduct           0x0800b029   Data          50  usb_ch341.o(.constdata)
    __mathlib_zero                           0x0800b138   Data           8  qnan.o(.constdata)
    Region$$Table$$Base                      0x0800b230   Number         0  anon$$obj.o(Region$$Table)
    Region$$Table$$Limit                     0x0800b250   Number         0  anon$$obj.o(Region$$Table)
    addr_                                    0x20000000   Data           2  eeprom.o(.data)
    addr_1                                   0x20000002   Data           2  eeprom.o(.data)
    user_mission_dorp                        0x20000018   Data           2  gps.o(.data)
    NaverrorI                                0x2000001c   Data           4  gps.o(.data)
    AlterrorI                                0x20000020   Data           4  gps.o(.data)
    NaverrorP                                0x20000024   Data           2  gps.o(.data)
    nav_bearing                              0x20000030   Data           4  gps.o(.data)
    land_detect                              0x2000003c   Data           1  gps.o(.data)
    GPS_Frame                                0x20000044   Data           1  gps.o(.data)
    gpsActualSpeed                           0x2000004c   Data           4  gps.o(.data)
    gpsDistanceToHome                        0x2000005c   Data           8  gps.o(.data)
    positionToHold                           0x20000064   Data           8  gps.o(.data)
    target_bearing                           0x20000084   Data           4  gps.o(.data)
    wp_distance                              0x20000090   Data           4  gps.o(.data)
    init_speed                               0x200000c0   Data          20  gps.o(.data)
    calcangle_roll                           0x200000d4   Data           2  gps.o(.data)
    calcangle_pitch                          0x200000d6   Data           2  gps.o(.data)
    crosroll_error                           0x200000d8   Data           2  gps.o(.data)
    crospitch_error                          0x200000da   Data           2  gps.o(.data)
    servo0                                   0x200000dc   Data           2  gps.o(.data)
    servo5                                   0x200000de   Data           2  gps.o(.data)
    sonarAltMy                               0x20000130   Data           2  imu.o(.data)
    PressAltMy                               0x20000132   Data           2  imu.o(.data)
    alt_switch                               0x20000134   Data           1  imu.o(.data)
    alt_diff                                 0x20000136   Data           2  imu.o(.data)
    currentT_getEstimatedAttitude            0x2000013c   Data           4  imu.o(.data)
    previousT_getEstimatedAttitude           0x20000140   Data           4  imu.o(.data)
    currentTime                              0x2000018c   Data           4  multiwii.o(.data)
    previousTime                             0x20000190   Data           2  multiwii.o(.data)
    cycleTime                                0x20000192   Data           2  multiwii.o(.data)
    calibratingA                             0x20000194   Data           2  multiwii.o(.data)
    calibratingB                             0x20000196   Data           2  multiwii.o(.data)
    calibratingG                             0x20000198   Data           2  multiwii.o(.data)
    magHold                                  0x2000019a   Data           2  multiwii.o(.data)
    headFreeModeHold                         0x2000019c   Data           2  multiwii.o(.data)
    vbatMin                                  0x2000019e   Data           1  multiwii.o(.data)
    AltHold                                  0x200001a0   Data           4  multiwii.o(.data)
    sonarAlt                                 0x200001a4   Data           2  multiwii.o(.data)
    BaroPID                                  0x200001a6   Data           2  multiwii.o(.data)
    errorAltitudeI                           0x200001a8   Data           2  multiwii.o(.data)
    BARO_angle                               0x200001aa   Data           4  multiwii.o(.data)
    gyroZero                                 0x200001ae   Data           6  multiwii.o(.data)
    att                                      0x200001b4   Data           8  multiwii.o(.data)
    debug                                    0x200001bc   Data           8  multiwii.o(.data)
    f                                        0x200001c4   Data           5  multiwii.o(.data)
    i2c_errors_count                         0x200001ca   Data           2  multiwii.o(.data)
    intPowerTrigger1                         0x200001cc   Data           2  multiwii.o(.data)
    failsafeEvents                           0x200001ce   Data           2  multiwii.o(.data)
    failsafeCnt                              0x200001d0   Data           2  multiwii.o(.data)
    rcCommand                                0x200001d2   Data           8  multiwii.o(.data)
    rcSerialCount                            0x200001da   Data           1  multiwii.o(.data)
    axisPID                                  0x200001dc   Data           6  multiwii.o(.data)
    servo                                    0x200001e2   Data          16  multiwii.o(.data)
    GPS_angle                                0x200001f6   Data           6  multiwii.o(.data)
    GPS_coord                                0x200001fc   Data           8  multiwii.o(.data)
    GPS_home                                 0x20000204   Data           8  multiwii.o(.data)
    GPS_hold                                 0x2000020c   Data           8  multiwii.o(.data)
    GPS_prev                                 0x20000214   Data           8  multiwii.o(.data)
    GPS_poi                                  0x2000021c   Data           8  multiwii.o(.data)
    GPS_numSat                               0x20000224   Data           1  multiwii.o(.data)
    GPS_distanceToHome                       0x20000226   Data           2  multiwii.o(.data)
    GPS_directionToHome                      0x20000228   Data           2  multiwii.o(.data)
    GPS_directionToPoi                       0x2000022c   Data           4  multiwii.o(.data)
    GPS_altitude                             0x20000230   Data           2  multiwii.o(.data)
    GPS_speed                                0x20000232   Data           2  multiwii.o(.data)
    GPS_update                               0x20000234   Data           1  multiwii.o(.data)
    GPS_ground_course                        0x20000236   Data           2  multiwii.o(.data)
    GPS_altitude_cel                         0x20000238   Data           2  multiwii.o(.data)
    NAV_state                                0x2000023a   Data           1  multiwii.o(.data)
    NAV_error                                0x2000023b   Data           1  multiwii.o(.data)
    prv_gps_modes                            0x2000023c   Data           1  multiwii.o(.data)
    nav_timer_stop                           0x20000240   Data           4  multiwii.o(.data)
    nav_hold_time                            0x20000244   Data           2  multiwii.o(.data)
    NAV_paused_at                            0x20000246   Data           1  multiwii.o(.data)
    next_step                                0x20000247   Data           1  multiwii.o(.data)
    jump_times                               0x20000248   Data           2  multiwii.o(.data)
    analogReader                             0x20000251   Data           1  multiwii.o(.data)
    nav                                      0x20000252   Data           4  multiwii.o(.data)
    nav_rated                                0x20000256   Data           4  multiwii.o(.data)
    original_altitude                        0x2000025c   Data           4  multiwii.o(.data)
    target_altitude                          0x20000260   Data           4  multiwii.o(.data)
    alt_to_hold                              0x20000264   Data           4  multiwii.o(.data)
    alt_change_timer                         0x20000268   Data           4  multiwii.o(.data)
    alt_change_flag                          0x2000026c   Data           1  multiwii.o(.data)
    alt_change                               0x20000270   Data           4  multiwii.o(.data)
    PWM_PIN                                  0x2000029c   Data           8  output.o(.data)
    atomicServo                              0x200002a4   Data           8  output.o(.data)
    rcValue                                  0x200002fc   Data          24  rx.o(.data)
    SysTick_Handler_times                    0x20000328   Data           4  timer.o(.data)
    delays_u                                 0x2000032c   Data           4  timer.o(.data)
    runtime_us                               0x20000330   Data           4  timer.o(.data)
    runtime_ms                               0x20000334   Data           4  timer.o(.data)
    micros_time                              0x20000338   Data           4  timer.o(.data)
    millis_time                              0x2000033c   Data           4  timer.o(.data)
    delays                                   0x20000350   Data           4  delay.o(.data)
    SBUS_FLAG_                               0x20000359   Data           1  usart.o(.data)
    ch341_baud                               0x20000364   Data           2  usb_ch341.o(.data)
    bDeviceState                             0x20000368   Data           4  usb_ch341.o(.data)
    fSuspendEnabled                          0x2000036c   Data           1  usb_ch341.o(.data)
    ResumeS                                  0x2000036d   Data           2  usb_ch341.o(.data)
    ch341_state                              0x20000370   Data           4  usb_ch341.o(.data)
    Request                                  0x20000374   Data           1  usb_ch341.o(.data)
    linecoding                               0x20000378   Data           8  usb_ch341.o(.data)
    Device_Table                             0x20000380   Data           2  usb_ch341.o(.data)
    Device_Property                          0x20000384   Data          48  usb_ch341.o(.data)
    User_Standard_Requests                   0x200003b4   Data          36  usb_ch341.o(.data)
    Device_Descriptor                        0x200003d8   Data           8  usb_ch341.o(.data)
    Config_Descriptor                        0x200003e0   Data           8  usb_ch341.o(.data)
    String_Descriptor                        0x200003e8   Data          32  usb_ch341.o(.data)
    wIstr                                    0x2000040a   Data           2  usb_ch341.o(.data)
    bIntPackSOF                              0x2000040c   Data           1  usb_ch341.o(.data)
    pEpInt_IN                                0x20000410   Data          28  usb_ch341.o(.data)
    pEpInt_OUT                               0x2000042c   Data          28  usb_ch341.o(.data)
    SaveRState                               0x20000448   Data           2  usb_ch341.o(.data)
    SaveTState                               0x2000044a   Data           2  usb_ch341.o(.data)
    EPindex                                  0x2000044c   Data           1  usb_ch341.o(.data)
    pInformation                             0x20000450   Data           4  usb_ch341.o(.data)
    pProperty                                0x20000454   Data           4  usb_ch341.o(.data)
    SaveState                                0x20000458   Data           2  usb_ch341.o(.data)
    wInterrupt_Mask                          0x2000045a   Data           2  usb_ch341.o(.data)
    pUser_Standard_Requests                  0x2000045c   Data           4  usb_ch341.o(.data)
    Virtual_Com_Port_StringSerial            0x20000460   Data          26  usb_ch341.o(.data)
    StatusInfo                               0x2000047a   Data           2  usb_ch341.o(.data)
    Data_Mul_MaxPacketSize                   0x2000047c   Data           1  usb_ch341.o(.data)
    posholdPID_PARAM                         0x200004b8   Data          16  gps.o(.bss)
    poshold_ratePID_PARAM                    0x200004c8   Data          16  gps.o(.bss)
    navPID_PARAM                             0x200004d8   Data          16  gps.o(.bss)
    altPID_PARAM                             0x200004e8   Data          16  gps.o(.bss)
    posholdPID                               0x200004f8   Data          40  gps.o(.bss)
    poshold_ratePID                          0x20000520   Data          40  gps.o(.bss)
    navPID                                   0x20000548   Data          40  gps.o(.bss)
    rcOptions                                0x20000744   Data          13  multiwii.o(.bss)
    imu                                      0x20000752   Data          30  multiwii.o(.bss)
    ins                                      0x20000770   Data         104  multiwii.o(.bss)
    analog                                   0x200007d8   Data          16  multiwii.o(.bss)
    alt                                      0x200007e8   Data          16  multiwii.o(.bss)
    D_U                                      0x200007f8   Data          16  multiwii.o(.bss)
    rcData                                   0x20000808   Data          24  multiwii.o(.bss)
    rcSerial                                 0x20000820   Data          16  multiwii.o(.bss)
    lookupPitchRollRC                        0x20000830   Data          10  multiwii.o(.bss)
    lookupThrottleRC                         0x2000083a   Data          22  multiwii.o(.bss)
    motor                                    0x20000850   Data          16  multiwii.o(.bss)
    global_conf                              0x20000860   Data          24  multiwii.o(.bss)
    conf                                     0x20000878   Data         144  multiwii.o(.bss)
    GPS_conf                                 0x20000908   Data          32  multiwii.o(.bss)
    GPS_speed_smooth                         0x20000928   Data          20  multiwii.o(.bss)
    mission_step                             0x2000093c   Data          28  multiwii.o(.bss)
    alarmArray                               0x20000958   Data          10  multiwii.o(.bss)
    serialBufferRX                           0x20000994   Data        1024  serial.o(.bss)
    SBUSBuf                                  0x20000fdc   Data          60  usart.o(.bss)
    testdata                                 0x20001018   Data         256  usart.o(.bss)
    Cap_CH                                   0x20001118   Data          26  usart.o(.bss)
    Device_Info                              0x20001134   Data          28  usb_ch341.o(.bss)
    buffer_out                               0x20001150   Data          32  usb_ch341.o(.bss)
    __initial_sp                             0x20004170   Data           0  startup_stm32f10x_hd.o(STACK)



==============================================================================

Memory Map of the image

  Image Entry point : 0x08000131

  Load Region LR_IROM1 (Base: 0x08000000, Size: 0x0000b6e0, Max: 0x00010000, ABSOLUTE, COMPRESSED[0x0000b334])

    Execution Region ER_IROM1 (Exec base: 0x08000000, Load base: 0x08000000, Size: 0x0000b250, Max: 0x00010000, ABSOLUTE)

    Exec Addr    Load Addr    Size         Type   Attr      Idx    E Section Name        Object

    0x08000000   0x08000000   0x00000130   Data   RO         1998    RESET               startup_stm32f10x_hd.o
    0x08000130   0x08000130   0x00000000   Code   RO         3837  * .ARM.Collect$$$$00000000  mc_w.l(entry.o)
    0x08000130   0x08000130   0x00000004   Code   RO         3949    .ARM.Collect$$$$00000001  mc_w.l(entry2.o)
    0x08000134   0x08000134   0x00000004   Code   RO         3952    .ARM.Collect$$$$00000004  mc_w.l(entry5.o)
    0x08000138   0x08000138   0x00000000   Code   RO         3954    .ARM.Collect$$$$00000008  mc_w.l(entry7b.o)
    0x08000138   0x08000138   0x00000000   Code   RO         3956    .ARM.Collect$$$$0000000A  mc_w.l(entry8b.o)
    0x08000138   0x08000138   0x00000008   Code   RO         3957    .ARM.Collect$$$$0000000B  mc_w.l(entry9a.o)
    0x08000140   0x08000140   0x00000000   Code   RO         3959    .ARM.Collect$$$$0000000D  mc_w.l(entry10a.o)
    0x08000140   0x08000140   0x00000000   Code   RO         3961    .ARM.Collect$$$$0000000F  mc_w.l(entry11a.o)
    0x08000140   0x08000140   0x00000004   Code   RO         3950    .ARM.Collect$$$$00002712  mc_w.l(entry2.o)
    0x08000144   0x08000144   0x00000024   Code   RO         1999    .text               startup_stm32f10x_hd.o
    0x08000168   0x08000168   0x00000020   Code   RO         3840    .text               mc_w.l(llushr.o)
    0x08000188   0x08000188   0x000000b0   Code   RO         3870    .text               mf_w.l(fadd.o)
    0x08000238   0x08000238   0x00000064   Code   RO         3872    .text               mf_w.l(fmul.o)
    0x0800029c   0x0800029c   0x0000007c   Code   RO         3874    .text               mf_w.l(fdiv.o)
    0x08000318   0x08000318   0x0000014e   Code   RO         3876    .text               mf_w.l(dadd.o)
    0x08000466   0x08000466   0x000000e4   Code   RO         3878    .text               mf_w.l(dmul.o)
    0x0800054a   0x0800054a   0x000000de   Code   RO         3880    .text               mf_w.l(ddiv.o)
    0x08000628   0x08000628   0x00000012   Code   RO         3882    .text               mf_w.l(fflti.o)
    0x0800063a   0x0800063a   0x0000000a   Code   RO         3884    .text               mf_w.l(ffltui.o)
    0x08000644   0x08000644   0x0000001c   Code   RO         3886    .text               mf_w.l(ffltul.o)
    0x08000660   0x08000660   0x00000022   Code   RO         3888    .text               mf_w.l(dflti.o)
    0x08000682   0x08000682   0x0000001a   Code   RO         3890    .text               mf_w.l(dfltui.o)
    0x0800069c   0x0800069c   0x00000032   Code   RO         3892    .text               mf_w.l(ffixi.o)
    0x080006ce   0x080006ce   0x0000003e   Code   RO         3894    .text               mf_w.l(dfixi.o)
    0x0800070c   0x0800070c   0x00000032   Code   RO         3896    .text               mf_w.l(dfixui.o)
    0x0800073e   0x0800073e   0x00000026   Code   RO         3898    .text               mf_w.l(f2d.o)
    0x08000764   0x08000764   0x00000030   Code   RO         3900    .text               mf_w.l(cdcmple.o)
    0x08000794   0x08000794   0x00000030   Code   RO         3902    .text               mf_w.l(cdrcmple.o)
    0x080007c4   0x080007c4   0x00000038   Code   RO         3904    .text               mf_w.l(d2f.o)
    0x080007fc   0x080007fc   0x00000014   Code   RO         3906    .text               mf_w.l(cfcmple.o)
    0x08000810   0x08000810   0x00000014   Code   RO         3908    .text               mf_w.l(cfrcmple.o)
    0x08000824   0x08000824   0x0000001e   Code   RO         3963    .text               mc_w.l(llshl.o)
    0x08000842   0x08000842   0x00000024   Code   RO         3965    .text               mc_w.l(llsshr.o)
    0x08000866   0x08000866   0x00000000   Code   RO         3974    .text               mc_w.l(iusefp.o)
    0x08000866   0x08000866   0x0000006e   Code   RO         3975    .text               mf_w.l(fepilogue.o)
    0x080008d4   0x080008d4   0x000000ba   Code   RO         3977    .text               mf_w.l(depilogue.o)
    0x0800098e   0x0800098e   0x000000a2   Code   RO         3979    .text               mf_w.l(dsqrt.o)
    0x08000a30   0x08000a30   0x00000024   Code   RO         3985    .text               mc_w.l(init.o)
    0x08000a54   0x08000a54   0x0000002e   Code   RO         3987    .text               mf_w.l(dscalb.o)
    0x08000a82   0x08000a82   0x00000056   Code   RO         3997    .text               mc_w.l(__dczerorl2.o)
    0x08000ad8   0x08000ad8   0x00000290   Code   RO          867    i.ACC_Common        sensors.o
    0x08000d68   0x08000d68   0x00000054   Code   RO          868    i.ACC_getADC        sensors.o
    0x08000dbc   0x08000dbc   0x0000000e   Code   RO          869    i.ACC_init          sensors.o
    0x08000dca   0x08000dca   0x00000002   Code   RO         1116    i.ADC1_2_IRQHandler  stm32f10x_it.o
    0x08000dcc   0x08000dcc   0x00000002   Code   RO         1117    i.ADC3_IRQHandler   stm32f10x_it.o
    0x08000dce   0x08000dce   0x00000002   PAD
    0x08000dd0   0x08000dd0   0x00000044   Code   RO         1555    i.AT24CXX_Check     re_eeprom.o
    0x08000e14   0x08000e14   0x00000052   Code   RO         1556    i.AT24CXX_ReadOneByte  re_eeprom.o
    0x08000e66   0x08000e66   0x0000004c   Code   RO         1557    i.AT24CXX_WriteOneByte  re_eeprom.o
    0x08000eb2   0x08000eb2   0x0000012c   Code   RO         1558    i.AT24CXX_write_Page  re_eeprom.o
    0x08000fde   0x08000fde   0x00000002   PAD
    0x08000fe0   0x08000fe0   0x0000001c   Code   RO         1118    i.BusFault_Handler  stm32f10x_it.o
    0x08000ffc   0x08000ffc   0x0000000c   Code   RO         2059    i.ByteSwap          usb_ch341.o
    0x08001008   0x08001008   0x00000002   Code   RO         1119    i.CAN1_RX1_IRQHandler  stm32f10x_it.o
    0x0800100a   0x0800100a   0x00000002   Code   RO         1120    i.CAN1_SCE_IRQHandler  stm32f10x_it.o
    0x0800100c   0x0800100c   0x00000328   Code   RO         2061    i.CTR_LP            usb_ch341.o
    0x08001334   0x08001334   0x00000168   Code   RO         2003    i.Capture           usart.o
    0x0800149c   0x0800149c   0x00000034   Code   RO         2062    i.ClearDTOG_RX      usb_ch341.o
    0x080014d0   0x080014d0   0x00000034   Code   RO         2063    i.ClearDTOG_TX      usb_ch341.o
    0x08001504   0x08001504   0x00000020   Code   RO         2068    i.Clear_Status_Out  usb_ch341.o
    0x08001524   0x08001524   0x000002d0   Code   RO          238    i.CradleControl     gps.o
    0x080017f4   0x080017f4   0x00000002   Code   RO         1121    i.DMA1_Channel1_IRQHandler  stm32f10x_it.o
    0x080017f6   0x080017f6   0x00000002   Code   RO         1122    i.DMA1_Channel2_IRQHandler  stm32f10x_it.o
    0x080017f8   0x080017f8   0x00000002   Code   RO         1123    i.DMA1_Channel3_IRQHandler  stm32f10x_it.o
    0x080017fa   0x080017fa   0x00000002   Code   RO         1124    i.DMA1_Channel4_IRQHandler  stm32f10x_it.o
    0x080017fc   0x080017fc   0x00000002   Code   RO         1125    i.DMA1_Channel5_IRQHandler  stm32f10x_it.o
    0x080017fe   0x080017fe   0x00000002   Code   RO         1126    i.DMA1_Channel6_IRQHandler  stm32f10x_it.o
    0x08001800   0x08001800   0x00000002   Code   RO         1127    i.DMA1_Channel7_IRQHandler  stm32f10x_it.o
    0x08001802   0x08001802   0x00000002   Code   RO         1128    i.DMA2_Channel1_IRQHandler  stm32f10x_it.o
    0x08001804   0x08001804   0x00000002   Code   RO         1129    i.DMA2_Channel2_IRQHandler  stm32f10x_it.o
    0x08001806   0x08001806   0x00000002   Code   RO         1130    i.DMA2_Channel3_IRQHandler  stm32f10x_it.o
    0x08001808   0x08001808   0x00000002   Code   RO         1131    i.DMA2_Channel4_5_IRQHandler  stm32f10x_it.o
    0x0800180a   0x0800180a   0x00000002   PAD
    0x0800180c   0x0800180c   0x000000c0   Code   RO         2069    i.DataStageIn       usb_ch341.o
    0x080018cc   0x080018cc   0x000000bc   Code   RO         2070    i.DataStageOut      usb_ch341.o
    0x08001988   0x08001988   0x00000298   Code   RO         2071    i.Data_Setup0       usb_ch341.o
    0x08001c20   0x08001c20   0x00000002   Code   RO         1132    i.DebugMon_Handler  stm32f10x_it.o
    0x08001c22   0x08001c22   0x00000012   Code   RO         1741    i.Delay_1us         gy_86.o
    0x08001c34   0x08001c34   0x00000058   Code   RO          870    i.Device_Mag_getADC  sensors.o
    0x08001c8c   0x08001c8c   0x0000001e   Code   RO         1559    i.EEPROM_Delay_1us  re_eeprom.o
    0x08001caa   0x08001caa   0x00000002   PAD
    0x08001cac   0x08001cac   0x00000038   Code   RO         1560    i.EEPROM_I2C_GPIO_Config  re_eeprom.o
    0x08001ce4   0x08001ce4   0x00000060   Code   RO         1561    i.EEPROM_I2C_RecvByte  re_eeprom.o
    0x08001d44   0x08001d44   0x00000054   Code   RO         1562    i.EEPROM_I2C_SendACK  re_eeprom.o
    0x08001d98   0x08001d98   0x00000070   Code   RO         1563    i.EEPROM_I2C_SendByte  re_eeprom.o
    0x08001e08   0x08001e08   0x0000008c   Code   RO         1564    i.EEPROM_I2C_Start  re_eeprom.o
    0x08001e94   0x08001e94   0x00000050   Code   RO         1565    i.EEPROM_I2C_Stop   re_eeprom.o
    0x08001ee4   0x08001ee4   0x00000088   Code   RO         1566    i.EEPROM_I2C_WaitAck  re_eeprom.o
    0x08001f6c   0x08001f6c   0x00000002   Code   RO         2072    i.EP1_IN_Callback   usb_ch341.o
    0x08001f6e   0x08001f6e   0x00000002   Code   RO         2073    i.EP2_IN_Callback   usb_ch341.o
    0x08001f70   0x08001f70   0x0000002c   Code   RO         2074    i.EP2_OUT_Callback  usb_ch341.o
    0x08001f9c   0x08001f9c   0x00000002   Code   RO         1133    i.EXTI0_IRQHandler  stm32f10x_it.o
    0x08001f9e   0x08001f9e   0x00000002   Code   RO         1134    i.EXTI15_10_IRQHandler  stm32f10x_it.o
    0x08001fa0   0x08001fa0   0x00000002   Code   RO         1135    i.EXTI2_IRQHandler  stm32f10x_it.o
    0x08001fa2   0x08001fa2   0x00000002   Code   RO         1136    i.EXTI3_IRQHandler  stm32f10x_it.o
    0x08001fa4   0x08001fa4   0x00000002   Code   RO         1137    i.EXTI9_5_IRQHandler  stm32f10x_it.o
    0x08001fa6   0x08001fa6   0x00000002   Code   RO         1138    i.FLASH_IRQHandler  stm32f10x_it.o
    0x08001fa8   0x08001fa8   0x00000002   Code   RO         1139    i.FSMC_IRQHandler   stm32f10x_it.o
    0x08001faa   0x08001faa   0x00000002   PAD
    0x08001fac   0x08001fac   0x000009e8   Code   RO          239    i.FW_NAV            gps.o
    0x08002994   0x08002994   0x000000fc   Code   RO          240    i.FW_NavSpeed       gps.o
    0x08002a90   0x08002a90   0x0000002c   Code   RO          702    i.GPIO_Configuration  multiwii.o
    0x08002abc   0x08002abc   0x000000a0   Code   RO         2770    i.GPIO_Init         STM32F10xR.LIB(stm32f10x_gpio.o)
    0x08002b5c   0x08002b5c   0x00000004   Code   RO         2777    i.GPIO_ResetBits    STM32F10xR.LIB(stm32f10x_gpio.o)
    0x08002b60   0x08002b60   0x00000004   Code   RO         2776    i.GPIO_SetBits      STM32F10xR.LIB(stm32f10x_gpio.o)
    0x08002b64   0x08002b64   0x00000abc   Code   RO          241    i.GPS_Compute       gps.o
    0x08003620   0x08003620   0x000000cc   Code   RO          242    i.GPS_adjust_heading  gps.o
    0x080036ec   0x080036ec   0x000000a4   Code   RO          243    i.GPS_bearing       gps.o
    0x08003790   0x08003790   0x00000094   Code   RO          244    i.GPS_calc_desired_speed  gps.o
    0x08003824   0x08003824   0x00000044   Code   RO          246    i.GPS_calc_longitude_scaling  gps.o
    0x08003868   0x08003868   0x00000204   Code   RO          247    i.GPS_calc_nav_rate  gps.o
    0x08003a6c   0x08003a6c   0x00000150   Code   RO          248    i.GPS_calc_poshold  gps.o
    0x08003bbc   0x08003bbc   0x00000140   Code   RO          249    i.GPS_calc_velocity  gps.o
    0x08003cfc   0x08003cfc   0x00000084   Code   RO          251    i.GPS_distance_cm   gps.o
    0x08003d80   0x08003d80   0x000001d4   Code   RO          252    i.GPS_newFrame      gps.o
    0x08003f54   0x08003f54   0x0000005c   Code   RO          253    i.GPS_reset_home_position  gps.o
    0x08003fb0   0x08003fb0   0x000000b4   Code   RO          254    i.GPS_reset_nav     gps.o
    0x08004064   0x08004064   0x00000178   Code   RO          255    i.GPS_set_next_wp   gps.o
    0x080041dc   0x080041dc   0x000001b0   Code   RO          256    i.GPS_set_pids      gps.o
    0x0800438c   0x0800438c   0x000000ec   Code   RO          257    i.GPS_update_crosstrack  gps.o
    0x08004478   0x08004478   0x000000e4   Code   RO          871    i.GYRO_Common       sensors.o
    0x0800455c   0x0800455c   0x00000020   Code   RO         2087    i.GetEPRxAddr       usb_ch341.o
    0x0800457c   0x0800457c   0x00000024   Code   RO         2088    i.GetEPRxCount      usb_ch341.o
    0x080045a0   0x080045a0   0x00000020   Code   RO         2090    i.GetEPTxAddr       usb_ch341.o
    0x080045c0   0x080045c0   0x00000018   Code   RO         2092    i.GetEPTxStatus     usb_ch341.o
    0x080045d8   0x080045d8   0x00000048   Code   RO         2098    i.Get_SerialNum     usb_ch341.o
    0x08004620   0x08004620   0x00000058   Code   RO          872    i.Gyro_getADC       sensors.o
    0x08004678   0x08004678   0x0000003c   Code   RO          873    i.Gyro_init         sensors.o
    0x080046b4   0x080046b4   0x0000002c   Code   RO         1140    i.HardFault_Handler  stm32f10x_it.o
    0x080046e0   0x080046e0   0x00000002   Code   RO         1141    i.I2C2_ER_IRQHandler  stm32f10x_it.o
    0x080046e2   0x080046e2   0x00000002   Code   RO         1142    i.I2C2_EV_IRQHandler  stm32f10x_it.o
    0x080046e4   0x080046e4   0x0000002c   Code   RO         1743    i.I2C_GPIO_Config   gy_86.o
    0x08004710   0x08004710   0x00000060   Code   RO         1744    i.I2C_RecvByte      gy_86.o
    0x08004770   0x08004770   0x00000054   Code   RO         1745    i.I2C_SendACK       gy_86.o
    0x080047c4   0x080047c4   0x00000078   Code   RO         1746    i.I2C_SendByte      gy_86.o
    0x0800483c   0x0800483c   0x0000008c   Code   RO         1747    i.I2C_Start         gy_86.o
    0x080048c8   0x080048c8   0x00000050   Code   RO         1748    i.I2C_Stop          gy_86.o
    0x08004918   0x08004918   0x00000088   Code   RO         1749    i.I2C_WaitAck       gy_86.o
    0x080049a0   0x080049a0   0x00000070   Code   RO         2099    i.In0_Process       usb_ch341.o
    0x08004a10   0x08004a10   0x0000004c   Code   RO          497    i.InvSqrt           imu.o
    0x08004a5c   0x08004a5c   0x00000030   Code   RO         1675    i.JTAG_Set          sys.o
    0x08004a8c   0x08004a8c   0x00000054   Code   RO          703    i.LED_init          multiwii.o
    0x08004ae0   0x08004ae0   0x00000154   Code   RO          138    i.LoadDefaults      eeprom.o
    0x08004c34   0x08004c34   0x00000068   Code   RO         1676    i.MYRCC_DeInit      sys.o
    0x08004c9c   0x08004c9c   0x00000014   Code   RO         1679    i.MY_NVIC_SetVectorTable  sys.o
    0x08004cb0   0x08004cb0   0x0000018c   Code   RO          874    i.Mag_getADC        sensors.o
    0x08004e3c   0x08004e3c   0x0000001a   Code   RO          875    i.Mag_init          sensors.o
    0x08004e56   0x08004e56   0x00000002   PAD
    0x08004e58   0x08004e58   0x0000001c   Code   RO         1143    i.MemManage_Handler  stm32f10x_it.o
    0x08004e74   0x08004e74   0x00000018   Code   RO         1144    i.NMI_Handler       stm32f10x_it.o
    0x08004e8c   0x08004e8c   0x00000002   Code   RO         2101    i.NOP_Process       usb_ch341.o
    0x08004e8e   0x08004e8e   0x00000002   PAD
    0x08004e90   0x08004e90   0x00000070   Code   RO         1960    i.NVIC_Init         misc.o
    0x08004f00   0x08004f00   0x00000014   Code   RO         1961    i.NVIC_PriorityGroupConfig  misc.o
    0x08004f14   0x08004f14   0x00000014   Code   RO         1962    i.NVIC_SetVectorTable  misc.o
    0x08004f28   0x08004f28   0x00000144   Code   RO         2102    i.NoData_Setup0     usb_ch341.o
    0x0800506c   0x0800506c   0x00000050   Code   RO         2103    i.Out0_Process      usb_ch341.o
    0x080050bc   0x080050bc   0x00000028   Code   RO         2104    i.PMAToUserBufferCopy  usb_ch341.o
    0x080050e4   0x080050e4   0x00000002   Code   RO         1145    i.PVD_IRQHandler    stm32f10x_it.o
    0x080050e6   0x080050e6   0x00000002   Code   RO         1146    i.PendSV_Handler    stm32f10x_it.o
    0x080050e8   0x080050e8   0x00000048   Code   RO         2105    i.Post0_Process     usb_ch341.o
    0x08005130   0x08005130   0x00000040   Code   RO         2107    i.PowerOn           usb_ch341.o
    0x08005170   0x08005170   0x00000018   Code   RO         2918    i.RCC_APB1PeriphClockCmd  STM32F10xR.LIB(stm32f10x_rcc.o)
    0x08005188   0x08005188   0x00000018   Code   RO         2920    i.RCC_APB1PeriphResetCmd  STM32F10xR.LIB(stm32f10x_rcc.o)
    0x080051a0   0x080051a0   0x00000018   Code   RO         2917    i.RCC_APB2PeriphClockCmd  STM32F10xR.LIB(stm32f10x_rcc.o)
    0x080051b8   0x080051b8   0x00000018   Code   RO         2919    i.RCC_APB2PeriphResetCmd  STM32F10xR.LIB(stm32f10x_rcc.o)
    0x080051d0   0x080051d0   0x00000094   Code   RO         2915    i.RCC_GetClocksFreq  STM32F10xR.LIB(stm32f10x_rcc.o)
    0x08005264   0x08005264   0x00000002   Code   RO         1147    i.RCC_IRQHandler    stm32f10x_it.o
    0x08005266   0x08005266   0x00000002   PAD
    0x08005268   0x08005268   0x0000000c   Code   RO         2909    i.RCC_USBCLKConfig  STM32F10xR.LIB(stm32f10x_rcc.o)
    0x08005274   0x08005274   0x00000002   Code   RO         1148    i.RTCAlarm_IRQHandler  stm32f10x_it.o
    0x08005276   0x08005276   0x00000002   Code   RO         1149    i.RTC_IRQHandler    stm32f10x_it.o
    0x08005278   0x08005278   0x00000002   Code   RO         1150    i.SDIO_IRQHandler   stm32f10x_it.o
    0x0800527a   0x0800527a   0x00000002   Code   RO         1151    i.SPI1_IRQHandler   stm32f10x_it.o
    0x0800527c   0x0800527c   0x00000002   Code   RO         1152    i.SPI2_IRQHandler   stm32f10x_it.o
    0x0800527e   0x0800527e   0x00000002   Code   RO         1153    i.SPI3_IRQHandler   stm32f10x_it.o
    0x08005280   0x08005280   0x00000002   Code   RO         1154    i.SVC_Handler       stm32f10x_it.o
    0x08005282   0x08005282   0x00000002   PAD
    0x08005284   0x08005284   0x00000044   Code   RO         1013    i.SerialAvailable   serial.o
    0x080052c8   0x080052c8   0x0000004c   Code   RO         1015    i.SerialRead        serial.o
    0x08005314   0x08005314   0x0000002c   Code   RO         1016    i.SerialSerialize   serial.o
    0x08005340   0x08005340   0x00000044   Code   RO         1018    i.SerialUsedTXBuff  serial.o
    0x08005384   0x08005384   0x00000010   Code   RO         2110    i.SetBTABLE         usb_ch341.o
    0x08005394   0x08005394   0x0000004c   Code   RO         2113    i.SetDeviceAddress  usb_ch341.o
    0x080053e0   0x080053e0   0x00000024   Code   RO         2125    i.SetEPRxAddr       usb_ch341.o
    0x08005404   0x08005404   0x0000004c   Code   RO         2126    i.SetEPRxCount      usb_ch341.o
    0x08005450   0x08005450   0x00000038   Code   RO         2127    i.SetEPRxStatus     usb_ch341.o
    0x08005488   0x08005488   0x0000002c   Code   RO         2128    i.SetEPRxValid      usb_ch341.o
    0x080054b4   0x080054b4   0x00000020   Code   RO         2129    i.SetEPTxAddr       usb_ch341.o
    0x080054d4   0x080054d4   0x0000001c   Code   RO         2130    i.SetEPTxCount      usb_ch341.o
    0x080054f0   0x080054f0   0x00000038   Code   RO         2131    i.SetEPTxStatus     usb_ch341.o
    0x08005528   0x08005528   0x0000002c   Code   RO         2132    i.SetEPTxValid      usb_ch341.o
    0x08005554   0x08005554   0x00000024   Code   RO         2133    i.SetEPType         usb_ch341.o
    0x08005578   0x08005578   0x00000008   Code   RO         1926    i.SetSysClock       system_stm32f10x.o
    0x08005580   0x08005580   0x000000e0   Code   RO         1927    i.SetSysClockTo72   system_stm32f10x.o
    0x08005660   0x08005660   0x00000012   Code   RO         2137    i.Set_USBClock      usb_ch341.o
    0x08005672   0x08005672   0x00000002   PAD
    0x08005674   0x08005674   0x000000b0   Code   RO         2138    i.Setup0_Process    usb_ch341.o
    0x08005724   0x08005724   0x00000078   Code   RO         1751    i.Single_WriteI2C   gy_86.o
    0x0800579c   0x0800579c   0x0000015c   Code   RO         2139    i.Standard_ClearFeature  usb_ch341.o
    0x080058f8   0x080058f8   0x0000002c   Code   RO         2140    i.Standard_GetConfiguration  usb_ch341.o
    0x08005924   0x08005924   0x00000024   Code   RO         2141    i.Standard_GetDescriptorData  usb_ch341.o
    0x08005948   0x08005948   0x0000002c   Code   RO         2142    i.Standard_GetInterface  usb_ch341.o
    0x08005974   0x08005974   0x000000f0   Code   RO         2143    i.Standard_GetStatus  usb_ch341.o
    0x08005a64   0x08005a64   0x00000048   Code   RO         2144    i.Standard_SetConfiguration  usb_ch341.o
    0x08005aac   0x08005aac   0x00000028   Code   RO         2145    i.Standard_SetDeviceFeature  usb_ch341.o
    0x08005ad4   0x08005ad4   0x000000c0   Code   RO         2146    i.Standard_SetEndPointFeature  usb_ch341.o
    0x08005b94   0x08005b94   0x0000006c   Code   RO         2147    i.Standard_SetInterface  usb_ch341.o
    0x08005c00   0x08005c00   0x00000090   Code   RO         1680    i.Stm32_Clock_Init  sys.o
    0x08005c90   0x08005c90   0x00000048   Code   RO         1452    i.SysTick_Handler   timer.o
    0x08005cd8   0x08005cd8   0x00000060   Code   RO         1929    i.SystemInit        system_stm32f10x.o
    0x08005d38   0x08005d38   0x00000002   Code   RO         1155    i.TAMPER_IRQHandler  stm32f10x_it.o
    0x08005d3a   0x08005d3a   0x00000002   Code   RO         1156    i.TIM1_BRK_IRQHandler  stm32f10x_it.o
    0x08005d3c   0x08005d3c   0x00000002   Code   RO         1157    i.TIM1_TRG_COM_IRQHandler  stm32f10x_it.o
    0x08005d3e   0x08005d3e   0x00000002   Code   RO         1158    i.TIM1_UP_IRQHandler  stm32f10x_it.o
    0x08005d40   0x08005d40   0x00000002   Code   RO         1159    i.TIM3_IRQHandler   stm32f10x_it.o
    0x08005d42   0x08005d42   0x00000002   PAD
    0x08005d44   0x08005d44   0x00000118   Code   RO         1456    i.TIM3_PWM_Init     timer.o
    0x08005e5c   0x08005e5c   0x00000002   Code   RO         1160    i.TIM4_IRQHandler   stm32f10x_it.o
    0x08005e5e   0x08005e5e   0x00000002   PAD
    0x08005e60   0x08005e60   0x0000010c   Code   RO         1457    i.TIM4_PWM_Init     timer.o
    0x08005f6c   0x08005f6c   0x00000002   Code   RO         1161    i.TIM6_IRQHandler   stm32f10x_it.o
    0x08005f6e   0x08005f6e   0x00000002   Code   RO         1162    i.TIM7_IRQHandler   stm32f10x_it.o
    0x08005f70   0x08005f70   0x00000002   Code   RO         1163    i.TIM8_BRK_IRQHandler  stm32f10x_it.o
    0x08005f72   0x08005f72   0x00000002   Code   RO         1164    i.TIM8_CC_IRQHandler  stm32f10x_it.o
    0x08005f74   0x08005f74   0x00000002   Code   RO         1165    i.TIM8_TRG_COM_IRQHandler  stm32f10x_it.o
    0x08005f76   0x08005f76   0x00000002   Code   RO         1166    i.TIM8_UP_IRQHandler  stm32f10x_it.o
    0x08005f78   0x08005f78   0x00000004   Code   RO         3169    i.TIM_SetCompare1   STM32F10xR.LIB(stm32f10x_tim.o)
    0x08005f7c   0x08005f7c   0x00000004   Code   RO         3170    i.TIM_SetCompare2   STM32F10xR.LIB(stm32f10x_tim.o)
    0x08005f80   0x08005f80   0x00000024   Code   RO         2004    i.USART1_IRQHandler  usart.o
    0x08005fa4   0x08005fa4   0x000000a4   Code   RO         2005    i.USART2_Configuration  usart.o
    0x08006048   0x08006048   0x00000024   Code   RO         2006    i.USART2_IRQHandler  usart.o
    0x0800606c   0x0800606c   0x000000ac   Code   RO         2007    i.USART3_Configuration  usart.o
    0x08006118   0x08006118   0x0000009c   Code   RO         2008    i.USART3_IRQHandler  usart.o
    0x080061b4   0x080061b4   0x00000014   Code   RO         3639    i.USART_Cmd         STM32F10xR.LIB(stm32f10x_usart.o)
    0x080061c8   0x080061c8   0x0000006c   Code   RO         3634    i.USART_DeInit      STM32F10xR.LIB(stm32f10x_usart.o)
    0x08006234   0x08006234   0x00000030   Code   RO         3640    i.USART_ITConfig    STM32F10xR.LIB(stm32f10x_usart.o)
    0x08006264   0x08006264   0x00000088   Code   RO         3635    i.USART_Init        STM32F10xR.LIB(stm32f10x_usart.o)
    0x080062ec   0x080062ec   0x00000002   Code   RO         1167    i.USBWakeUp_IRQHandler  stm32f10x_it.o
    0x080062ee   0x080062ee   0x00000010   Code   RO         2152    i.USB_CH341_Init    usb_ch341.o
    0x080062fe   0x080062fe   0x00000002   PAD
    0x08006300   0x08006300   0x00000020   Code   RO         2153    i.USB_Cable_Config  usb_ch341.o
    0x08006320   0x08006320   0x00000002   Code   RO         1168    i.USB_HP_CAN1_TX_IRQHandler  stm32f10x_it.o
    0x08006322   0x08006322   0x00000002   PAD
    0x08006324   0x08006324   0x0000006c   Code   RO         2154    i.USB_Init          usb_ch341.o
    0x08006390   0x08006390   0x00000044   Code   RO         2155    i.USB_Interrupts_Config  usb_ch341.o
    0x080063d4   0x080063d4   0x00000074   Code   RO         2156    i.USB_LP_CAN1_RX0_IRQHandler  usb_ch341.o
    0x08006448   0x08006448   0x00000024   Code   RO         2157    i.USB_receive       usb_ch341.o
    0x0800646c   0x0800646c   0x00000044   Code   RO         2158    i.USB_send          usb_ch341.o
    0x080064b0   0x080064b0   0x000001e8   Code   RO         1020    i.UartSendData      serial.o
    0x08006698   0x08006698   0x0000001c   Code   RO         1169    i.UsageFault_Handler  stm32f10x_it.o
    0x080066b4   0x080066b4   0x00000038   Code   RO         2159    i.UserToPMABufferCopy  usb_ch341.o
    0x080066ec   0x080066ec   0x0000008c   Code   RO         2160    i.Vender_Handle_CH341  usb_ch341.o
    0x08006778   0x08006778   0x00000074   Code   RO         2161    i.Virtual_Com_Port_Data_Setup  usb_ch341.o
    0x080067ec   0x080067ec   0x00000014   Code   RO         2162    i.Virtual_Com_Port_GetConfigDescriptor  usb_ch341.o
    0x08006800   0x08006800   0x00000014   Code   RO         2163    i.Virtual_Com_Port_GetDeviceDescriptor  usb_ch341.o
    0x08006814   0x08006814   0x0000001c   Code   RO         2164    i.Virtual_Com_Port_GetLineCoding  usb_ch341.o
    0x08006830   0x08006830   0x00000028   Code   RO         2165    i.Virtual_Com_Port_GetStringDescriptor  usb_ch341.o
    0x08006858   0x08006858   0x00000016   Code   RO         2166    i.Virtual_Com_Port_Get_Interface_Setting  usb_ch341.o
    0x0800686e   0x0800686e   0x00000002   PAD
    0x08006870   0x08006870   0x00000108   Code   RO         2167    i.Virtual_Com_Port_NoData_Setup  usb_ch341.o
    0x08006978   0x08006978   0x000000d8   Code   RO         2168    i.Virtual_Com_Port_Reset  usb_ch341.o
    0x08006a50   0x08006a50   0x00000018   Code   RO         2169    i.Virtual_Com_Port_SetConfiguration  usb_ch341.o
    0x08006a68   0x08006a68   0x0000000c   Code   RO         2170    i.Virtual_Com_Port_SetDeviceAddress  usb_ch341.o
    0x08006a74   0x08006a74   0x0000001c   Code   RO         2171    i.Virtual_Com_Port_SetLineCoding  usb_ch341.o
    0x08006a90   0x08006a90   0x00000014   Code   RO         2172    i.Virtual_Com_Port_Status_In  usb_ch341.o
    0x08006aa4   0x08006aa4   0x00000002   Code   RO         2173    i.Virtual_Com_Port_Status_Out  usb_ch341.o
    0x08006aa6   0x08006aa6   0x00000002   PAD
    0x08006aa8   0x08006aa8   0x00000044   Code   RO         2174    i.Virtual_Com_Port_init  usb_ch341.o
    0x08006aec   0x08006aec   0x00000002   Code   RO         1170    i.WWDG_IRQHandler   stm32f10x_it.o
    0x08006aee   0x08006aee   0x00000028   Code   RO         3981    i.__ARM_fpclassify  m_ws.l(fpclassify.o)
    0x08006b16   0x08006b16   0x00000002   PAD
    0x08006b18   0x08006b18   0x00000388   Code   RO         3938    i.__ieee754_rem_pio2  m_ws.l(rred.o)
    0x08006ea0   0x08006ea0   0x000000fc   Code   RO         3920    i.__kernel_cos      m_ws.l(cos_i.o)
    0x08006f9c   0x08006f9c   0x000000aa   Code   RO         3983    i.__kernel_poly     m_ws.l(poly.o)
    0x08007046   0x08007046   0x00000002   PAD
    0x08007048   0x08007048   0x000000ec   Code   RO         3943    i.__kernel_sin      m_ws.l(sin_i.o)
    0x08007134   0x08007134   0x00000006   Code   RO         3924    i.__mathlib_dbl_infnan  m_ws.l(dunder.o)
    0x0800713a   0x0800713a   0x00000004   Code   RO         3925    i.__mathlib_dbl_infnan2  m_ws.l(dunder.o)
    0x0800713e   0x0800713e   0x0000000c   Code   RO         3926    i.__mathlib_dbl_invalid  m_ws.l(dunder.o)
    0x0800714a   0x0800714a   0x00000002   PAD
    0x0800714c   0x0800714c   0x00000010   Code   RO         3929    i.__mathlib_dbl_underflow  m_ws.l(dunder.o)
    0x0800715c   0x0800715c   0x0000000e   Code   RO         3991    i.__scatterload_copy  mc_w.l(handlers.o)
    0x0800716a   0x0800716a   0x00000002   Code   RO         3992    i.__scatterload_null  mc_w.l(handlers.o)
    0x0800716c   0x0800716c   0x0000000e   Code   RO         3993    i.__scatterload_zeroinit  mc_w.l(handlers.o)
    0x0800717a   0x0800717a   0x00000002   PAD
    0x0800717c   0x0800717c   0x0000000c   Code   RO         3969    i.__set_errno       mc_w.l(errno.o)
    0x08007188   0x08007188   0x000000e8   Code   RO          498    i._atan2            imu.o
    0x08007270   0x08007270   0x00000028   Code   RO          258    i.abort_mission     gps.o
    0x08007298   0x08007298   0x0000033c   Code   RO          704    i.annexCode         multiwii.o
    0x080075d4   0x080075d4   0x00000220   Code   RO         3911    i.atan              m_ws.l(atan.o)
    0x080077f4   0x080077f4   0x00000180   Code   RO         3806    i.atan2             m_ws.l(atan2.o)
    0x08007974   0x08007974   0x0000004c   Code   RO            3    i.blinkLED          alarms.o
    0x080079c0   0x080079c0   0x0000001a   Code   RO          139    i.calculate_sum     eeprom.o
    0x080079da   0x080079da   0x00000002   PAD
    0x080079dc   0x080079dc   0x0000008c   Code   RO          259    i.check_land        gps.o
    0x08007a68   0x08007a68   0x00000038   Code   RO          260    i.check_missed_wp   gps.o
    0x08007aa0   0x08007aa0   0x00000048   Code   RO          261    i.clearNav          gps.o
    0x08007ae8   0x08007ae8   0x000000a8   Code   RO          499    i.computeIMU        imu.o
    0x08007b90   0x08007b90   0x00000108   Code   RO         1087    i.computeRC         rx.o
    0x08007c98   0x08007c98   0x00000002   Code   RO         1088    i.configureReceiver  rx.o
    0x08007c9a   0x08007c9a   0x00000016   Code   RO          263    i.constrain_int16   gps.o
    0x08007cb0   0x08007cb0   0x0000009c   Code   RO         3814    i.cos               m_ws.l(cos.o)
    0x08007d4c   0x08007d4c   0x00000014   Code   RO         1522    i.delay             delay.o
    0x08007d60   0x08007d60   0x00000014   Code   RO         1524    i.delay_ms          delay.o
    0x08007d74   0x08007d74   0x0000006e   Code   RO         1569    i.eeprom_Continuous_reading  re_eeprom.o
    0x08007de2   0x08007de2   0x00000002   PAD
    0x08007de4   0x08007de4   0x00000028   Code   RO         1570    i.eeprom_read_block  re_eeprom.o
    0x08007e0c   0x08007e0c   0x00000028   Code   RO         1571    i.eeprom_write_block  re_eeprom.o
    0x08007e34   0x08007e34   0x00000b98   Code   RO          560    i.evaluateCommand   protocol.o
    0x080089cc   0x080089cc   0x00000018   Code   RO          561    i.evaluateOtherData  protocol.o
    0x080089e4   0x080089e4   0x0000001c   Code   RO          264    i.force_new_altitude  gps.o
    0x08008a00   0x08008a00   0x00000350   Code   RO          500    i.getEstimatedAttitude  imu.o
    0x08008d50   0x08008d50   0x0000001c   Code   RO          140    i.getMaxWPNumber    eeprom.o
    0x08008d6c   0x08008d6c   0x0000006c   Code   RO          265    i.get_D             gps.o
    0x08008dd8   0x08008dd8   0x00000060   Code   RO          266    i.get_I             gps.o
    0x08008e38   0x08008e38   0x00000020   Code   RO          267    i.get_P             gps.o
    0x08008e58   0x08008e58   0x00000054   Code   RO          810    i.get_middle        output.o
    0x08008eac   0x08008eac   0x00000128   Code   RO          269    i.get_new_altitude  gps.o
    0x08008fd4   0x08008fd4   0x000000b0   Code   RO          270    i.get_position      gps.o
    0x08009084   0x08009084   0x00000070   Code   RO          706    i.go_arm            multiwii.o
    0x080090f4   0x080090f4   0x0000001c   Code   RO          707    i.go_disarm         multiwii.o
    0x08009110   0x08009110   0x0000000c   Code   RO          562    i.headSerialError   protocol.o
    0x0800911c   0x0800911c   0x0000000e   Code   RO          563    i.headSerialReply   protocol.o
    0x0800912a   0x0800912a   0x00000002   PAD
    0x0800912c   0x0800912c   0x0000004c   Code   RO          564    i.headSerialResponse  protocol.o
    0x08009178   0x08009178   0x00000018   Code   RO          878    i.i2c_getSixRawADC  sensors.o
    0x08009190   0x08009190   0x00000014   Code   RO          879    i.i2c_init          sensors.o
    0x080091a4   0x080091a4   0x00000012   Code   RO          880    i.i2c_readAck       sensors.o
    0x080091b6   0x080091b6   0x00000016   Code   RO          881    i.i2c_readNak       sensors.o
    0x080091cc   0x080091cc   0x000000a0   Code   RO          883    i.i2c_read_reg_to_buf  sensors.o
    0x0800926c   0x0800926c   0x00000028   Code   RO          887    i.i2c_writeReg      sensors.o
    0x08009294   0x08009294   0x00000040   Code   RO          811    i.initOutput        output.o
    0x080092d4   0x080092d4   0x00000014   Code   RO          888    i.initS             sensors.o
    0x080092e8   0x080092e8   0x00000024   Code   RO          889    i.initSensors       sensors.o
    0x0800930c   0x0800930c   0x000000bc   Code   RO          273    i.init_RTH          gps.o
    0x080093c8   0x080093c8   0x00000004   Code   RO          812    i.initializeServo   output.o
    0x080093cc   0x080093cc   0x000000c4   Code   RO          141    i.loadGPSdefaults   eeprom.o
    0x08009490   0x08009490   0x00000d18   Code   RO          708    i.loop              multiwii.o
    0x0800a1a8   0x0800a1a8   0x00000108   Code   RO          709    i.main              multiwii.o
    0x0800a2b0   0x0800a2b0   0x00000016   Code   RO          813    i.map               output.o
    0x0800a2c6   0x0800a2c6   0x00000002   PAD
    0x0800a2c8   0x0800a2c8   0x00000028   Code   RO         1459    i.micros            timer.o
    0x0800a2f0   0x0800a2f0   0x0000000c   Code   RO         1460    i.millis            timer.o
    0x0800a2fc   0x0800a2fc   0x00000278   Code   RO          814    i.mixTable          output.o
    0x0800a574   0x0800a574   0x0000000e   Code   RO          565    i.mspAck            protocol.o
    0x0800a582   0x0800a582   0x00000008   Code   RO          501    i.mul               imu.o
    0x0800a58a   0x0800a58a   0x00000006   Code   RO          566    i.pgm_read_byte_near  protocol.o
    0x0800a590   0x0800a590   0x00000016   Code   RO          567    i.read16            protocol.o
    0x0800a5a6   0x0800a5a6   0x00000014   Code   RO          568    i.read32            protocol.o
    0x0800a5ba   0x0800a5ba   0x00000002   PAD
    0x0800a5bc   0x0800a5bc   0x00000034   Code   RO          569    i.read8             protocol.o
    0x0800a5f0   0x0800a5f0   0x0000011c   Code   RO          142    i.readEEPROM        eeprom.o
    0x0800a70c   0x0800a70c   0x00000030   Code   RO          143    i.readGlobalSet     eeprom.o
    0x0800a73c   0x0800a73c   0x0000003c   Code   RO         1089    i.readRawRC         rx.o
    0x0800a778   0x0800a778   0x0000002c   Code   RO          144    i.recallGPSconf     eeprom.o
    0x0800a7a4   0x0800a7a4   0x0000003c   Code   RO          145    i.recallWP          eeprom.o
    0x0800a7e0   0x0800a7e0   0x0000000a   Code   RO          274    i.reset_PID         gps.o
    0x0800a7ea   0x0800a7ea   0x00000074   Code   RO          502    i.rotateV32         imu.o
    0x0800a85e   0x0800a85e   0x0000001a   Code   RO          570    i.s_struct          protocol.o
    0x0800a878   0x0800a878   0x0000001c   Code   RO          571    i.s_struct_partial  protocol.o
    0x0800a894   0x0800a894   0x0000001c   Code   RO          572    i.s_struct_w        protocol.o
    0x0800a8b0   0x0800a8b0   0x000001a8   Code   RO          573    i.serialCom         protocol.o
    0x0800aa58   0x0800aa58   0x00000014   Code   RO          574    i.serialize16       protocol.o
    0x0800aa6c   0x0800aa6c   0x00000022   Code   RO          575    i.serialize32       protocol.o
    0x0800aa8e   0x0800aa8e   0x00000002   PAD
    0x0800aa90   0x0800aa90   0x0000002c   Code   RO          576    i.serialize8        protocol.o
    0x0800aabc   0x0800aabc   0x00000034   Code   RO          577    i.serializeNames    protocol.o
    0x0800aaf0   0x0800aaf0   0x0000000c   Code   RO          275    i.set_new_altitude  gps.o
    0x0800aafc   0x0800aafc   0x0000009c   Code   RO          711    i.setup             multiwii.o
    0x0800ab98   0x0800ab98   0x000000a0   Code   RO         3822    i.sin               m_ws.l(sin.o)
    0x0800ac38   0x0800ac38   0x0000004c   Code   RO         3830    i.sqrt              m_ws.l(sqrt.o)
    0x0800ac84   0x0800ac84   0x00000038   Code   RO          146    i.storeWP           eeprom.o
    0x0800acbc   0x0800acbc   0x00000038   Code   RO         1021    i.store_uart_in_buf  serial.o
    0x0800acf4   0x0800acf4   0x00000012   Code   RO          578    i.strlen_P          protocol.o
    0x0800ad06   0x0800ad06   0x00000002   PAD
    0x0800ad08   0x0800ad08   0x00000020   Code   RO          579    i.tailSerialReply   protocol.o
    0x0800ad28   0x0800ad28   0x00000078   Code   RO         2009    i.uart_init         usart.o
    0x0800ada0   0x0800ada0   0x00000030   Code   RO          147    i.update_constants  eeprom.o
    0x0800add0   0x0800add0   0x00000020   Code   RO          276    i.wrap_18000        gps.o
    0x0800adf0   0x0800adf0   0x00000016   Code   RO          277    i.wrap_36000        gps.o
    0x0800ae06   0x0800ae06   0x00000002   PAD
    0x0800ae08   0x0800ae08   0x00000020   Code   RO          815    i.writeAllMotors    output.o
    0x0800ae28   0x0800ae28   0x00000020   Code   RO          148    i.writeGPSconf      eeprom.o
    0x0800ae48   0x0800ae48   0x00000030   Code   RO          149    i.writeGlobalSet    eeprom.o
    0x0800ae78   0x0800ae78   0x00000024   Code   RO          816    i.writeMotors       output.o
    0x0800ae9c   0x0800ae9c   0x00000054   Code   RO          150    i.writeParams       eeprom.o
    0x0800aef0   0x0800aef0   0x00000040   Code   RO          817    i.writeServos       output.o
    0x0800af30   0x0800af30   0x00000096   Data   RO          713    .constdata          multiwii.o
    0x0800afc6   0x0800afc6   0x00000095   Data   RO         2176    .constdata          usb_ch341.o
    0x0800b05b   0x0800b05b   0x00000014   Data   RO         2928    .constdata          STM32F10xR.LIB(stm32f10x_rcc.o)
    0x0800b06f   0x0800b06f   0x00000001   PAD
    0x0800b070   0x0800b070   0x00000098   Data   RO         3912    .constdata          m_ws.l(atan.o)
    0x0800b108   0x0800b108   0x00000030   Data   RO         3921    .constdata          m_ws.l(cos_i.o)
    0x0800b138   0x0800b138   0x00000008   Data   RO         3937    .constdata          m_ws.l(qnan.o)
    0x0800b140   0x0800b140   0x000000c8   Data   RO         3940    .constdata          m_ws.l(rred.o)
    0x0800b208   0x0800b208   0x00000028   Data   RO         3944    .constdata          m_ws.l(sin_i.o)
    0x0800b230   0x0800b230   0x00000020   Data   RO         3989    Region$$Table       anon$$obj.o


    Execution Region RW_IRAM1 (Exec base: 0x20000000, Load base: 0x0800b250, Size: 0x00004170, Max: 0x00005000, ABSOLUTE, COMPRESSED[0x000000e4])

    Exec Addr    Load Addr    Size         Type   Attr      Idx    E Section Name        Object

    0x20000000   COMPRESSED   0x0000000c   Data   RW          151    .data               eeprom.o
    0x2000000c   COMPRESSED   0x00000121   Data   RW          280    .data               gps.o
    0x2000012d   COMPRESSED   0x00000003   PAD
    0x20000130   COMPRESSED   0x0000002e   Data   RW          504    .data               imu.o
    0x2000015e   COMPRESSED   0x00000002   PAD
    0x20000160   COMPRESSED   0x0000002c   Data   RW          581    .data               protocol.o
    0x2000018c   COMPRESSED   0x00000110   Data   RW          714    .data               multiwii.o
    0x2000029c   COMPRESSED   0x00000010   Data   RW          818    .data               output.o
    0x200002ac   COMPRESSED   0x00000030   Data   RW          891    .data               sensors.o
    0x200002dc   COMPRESSED   0x00000020   Data   RW         1024    .data               serial.o
    0x200002fc   COMPRESSED   0x00000025   Data   RW         1091    .data               rx.o
    0x20000321   COMPRESSED   0x00000007   PAD
    0x20000328   COMPRESSED   0x00000028   Data   RW         1462    .data               timer.o
    0x20000350   COMPRESSED   0x00000004   Data   RW         1526    .data               delay.o
    0x20000354   COMPRESSED   0x00000002   Data   RW         1572    .data               re_eeprom.o
    0x20000356   COMPRESSED   0x00000002   PAD
    0x20000358   COMPRESSED   0x0000000b   Data   RW         2011    .data               usart.o
    0x20000363   COMPRESSED   0x00000001   PAD
    0x20000364   COMPRESSED   0x00000125   Data   RW         2177    .data               usb_ch341.o
    0x20000489   COMPRESSED   0x00000003   PAD
    0x2000048c   COMPRESSED   0x00000004   Data   RW         3970    .data               mc_w.l(errno.o)
    0x20000490        -       0x0000013c   Zero   RW          278    .bss                gps.o
    0x200005cc        -       0x00000018   Zero   RW          503    .bss                imu.o
    0x200005e4        -       0x00000160   Zero   RW          580    .bss                protocol.o
    0x20000744        -       0x0000022c   Zero   RW          712    .bss                multiwii.o
    0x20000970        -       0x00000024   Zero   RW          890    .bss                sensors.o
    0x20000994        -       0x00000600   Zero   RW         1023    .bss                serial.o
    0x20000f94        -       0x00000048   Zero   RW         1090    .bss                rx.o
    0x20000fdc        -       0x00000156   Zero   RW         2010    .bss                usart.o
    0x20001132   COMPRESSED   0x00000002   PAD
    0x20001134        -       0x0000003c   Zero   RW         2175    .bss                usb_ch341.o
    0x20001170        -       0x00003000   Zero   RW         1996    STACK               startup_stm32f10x_hd.o


==============================================================================

Image component sizes


      Code (inc. data)   RO Data    RW Data    ZI Data      Debug   Object Name

        76          8          0          0          0     232759   alarms.o
        40          8          0          4          0       1080   delay.o
      1294         74          0         12          0       8180   eeprom.o
     11258       1300          0        289        316      28267   gps.o
       838         34          0          0          0       4669   gy_86.o
      1448        104          0         46         24       6062   imu.o
       152         30          0          0          0       2157   misc.o
      4868        436        150        272        556      27448   multiwii.o
       938         76          0         16          0       5180   output.o
      3914        406          0         44        352      14778   protocol.o
      1450         50          0          2          0       9714   re_eeprom.o
       326         36          0         37         72       2661   rx.o
      1980        160          0         48         36       9912   sensors.o
       800         96          0         32       1536       4320   serial.o
        36          8        304          0      12288        880   startup_stm32f10x_hd.o
       252         32          0          0          0      22658   stm32f10x_it.o
       316         42          0          0          0       1974   sys.o
       328         28          0          0          0       1805   system_stm32f10x.o
       672         60          0         40          0       2799   timer.o
      1044         86          0         11        342       4649   usart.o
      6276        684        149        293         60      54143   usb_ch341.o

    ----------------------------------------------------------------------
     38354       3758        635       1164      15584     446095   Object Totals
         0          0         32          0          0          0   (incl. Generated)
        48          0          0         18          2          0   (incl. Padding)

    ----------------------------------------------------------------------

      Code (inc. data)   RO Data    RW Data    ZI Data      Debug   Library Member Name

       168          0          0          0          0      32628   stm32f10x_gpio.o
       256         46         20          0          0       5551   stm32f10x_rcc.o
         8          0          0          0          0      25460   stm32f10x_tim.o
       312         16          0          0          0       9965   stm32f10x_usart.o
       544         70        152          0          0        124   atan.o
       384         38          0          0          0        144   atan2.o
       156          8          0          0          0        104   cos.o
       252         22         48          0          0        124   cos_i.o
        38          6          0          0          0        272   dunder.o
        40          0          0          0          0         68   fpclassify.o
       170          0          0          0          0         96   poly.o
         0          0          8          0          0          0   qnan.o
       904         76        200          0          0        140   rred.o
       160         10          0          0          0        108   sin.o
       236         12         40          0          0        128   sin_i.o
        76          0          0          0          0         84   sqrt.o
        86          0          0          0          0          0   __dczerorl2.o
         0          0          0          0          0          0   entry.o
         0          0          0          0          0          0   entry10a.o
         0          0          0          0          0          0   entry11a.o
         8          4          0          0          0          0   entry2.o
         4          0          0          0          0          0   entry5.o
         0          0          0          0          0          0   entry7b.o
         0          0          0          0          0          0   entry8b.o
         8          4          0          0          0          0   entry9a.o
        12          6          0          4          0         68   errno.o
        30          0          0          0          0          0   handlers.o
        36          8          0          0          0         68   init.o
         0          0          0          0          0          0   iusefp.o
        30          0          0          0          0         68   llshl.o
        36          0          0          0          0         68   llsshr.o
        32          0          0          0          0         68   llushr.o
        48          0          0          0          0         68   cdcmple.o
        48          0          0          0          0         68   cdrcmple.o
        20          0          0          0          0         68   cfcmple.o
        20          0          0          0          0         68   cfrcmple.o
        56          0          0          0          0         88   d2f.o
       334          0          0          0          0        148   dadd.o
       222          0          0          0          0        100   ddiv.o
       186          0          0          0          0        176   depilogue.o
        62          0          0          0          0         80   dfixi.o
        50          0          0          0          0         76   dfixui.o
        34          0          0          0          0         76   dflti.o
        26          0          0          0          0         76   dfltui.o
       228          0          0          0          0         96   dmul.o
        46          0          0          0          0         80   dscalb.o
       162          0          0          0          0        100   dsqrt.o
        38          0          0          0          0         68   f2d.o
       176          0          0          0          0        140   fadd.o
       124          0          0          0          0         88   fdiv.o
       110          0          0          0          0        168   fepilogue.o
        50          0          0          0          0         68   ffixi.o
        18          0          0          0          0         68   fflti.o
        10          0          0          0          0         68   ffltui.o
        28          0          0          0          0         84   ffltul.o
       100          0          0          0          0         76   fmul.o

    ----------------------------------------------------------------------
      6190        326        469          4          0      77532   Library Totals
         8          0          1          0          0          0   (incl. Padding)

    ----------------------------------------------------------------------

      Code (inc. data)   RO Data    RW Data    ZI Data      Debug   Library Name

       744         62         20          0          0      73604   STM32F10xR.LIB
      2960        242        448          0          0       1392   m_ws.l
       282         22          0          4          0        340   mc_w.l
      2196          0          0          0          0       2196   mf_w.l

    ----------------------------------------------------------------------
      6190        326        469          4          0      77532   Library Totals

    ----------------------------------------------------------------------

==============================================================================


      Code (inc. data)   RO Data    RW Data    ZI Data      Debug   

     44544       4084       1104       1168      15584     506461   Grand Totals
     44544       4084       1104        228      15584     506461   ELF Image Totals (compressed)
     44544       4084       1104        228          0          0   ROM Totals

==============================================================================

    Total RO  Size (Code + RO Data)                45648 (  44.58kB)
    Total RW  Size (RW Data + ZI Data)             16752 (  16.36kB)
    Total ROM Size (Code + RO Data + RW Data)      45876 (  44.80kB)

==============================================================================

